Archive member included to satisfy reference by file (symbol)

D:/ExGithub/under_test/test_docker_esp32/hello_world/build/cxx\libcxx.a(cxx_exception_stubs.o)
                              (__cxx_fatal_exception)
D:/ExGithub/under_test/test_docker_esp32/hello_world/build/cxx\libcxx.a(cxx_guards.o)
                              (__cxa_guard_dummy)
D:/ExGithub/under_test/test_docker_esp32/hello_world/build/esp32\libesp32.a(cpu_start.o)
                              (call_start_cpu0)
D:/ExGithub/under_test/test_docker_esp32/hello_world/build/esp32\libesp32.a(dbg_stubs.o)
                              D:/ExGithub/under_test/test_docker_esp32/hello_world/build/esp32\libesp32.a(cpu_start.o) (esp_dbg_stubs_init)
D:/ExGithub/under_test/test_docker_esp32/hello_world/build/esp32\libesp32.a(task_wdt.o)
                              D:/ExGithub/under_test/test_docker_esp32/hello_world/build/esp32\libesp32.a(cpu_start.o) (esp_task_wdt_init)
D:/ExGithub/under_test/test_docker_esp32/hello_world/build/esp32\libesp32.a(panic.o)
                              D:/ExGithub/under_test/test_docker_esp32/hello_world/build/cxx\libcxx.a(cxx_exception_stubs.o) (abort)
D:/ExGithub/under_test/test_docker_esp32/hello_world/build/esp32\libesp32.a(dport_panic_highint_hdl.o)
                              (ld_include_panic_highint_hdl)
D:/ExGithub/under_test/test_docker_esp32/hello_world/build/esp32\libesp32.a(int_wdt.o)
                              D:/ExGithub/under_test/test_docker_esp32/hello_world/build/esp32\libesp32.a(dport_panic_highint_hdl.o) (int_wdt_app_cpu_ticked)
D:/ExGithub/under_test/test_docker_esp32/hello_world/build/esp32\libesp32.a(brownout.o)
                              D:/ExGithub/under_test/test_docker_esp32/hello_world/build/esp32\libesp32.a(cpu_start.o) (esp_brownout_init)
D:/ExGithub/under_test/test_docker_esp32/hello_world/build/esp32\libesp32.a(system_api.o)
                              D:/ExGithub/under_test/test_docker_esp32/hello_world/build/esp32\libesp32.a(panic.o) (esp_restart_noos)
D:/ExGithub/under_test/test_docker_esp32/hello_world/build/esp32\libesp32.a(dport_access.o)
                              D:/ExGithub/under_test/test_docker_esp32/hello_world/build/esp32\libesp32.a(dport_panic_highint_hdl.o) (dport_access_start)
D:/ExGithub/under_test/test_docker_esp32/hello_world/build/esp32\libesp32.a(esp_timer.o)
                              D:/ExGithub/under_test/test_docker_esp32/hello_world/build/esp32\libesp32.a(cpu_start.o) (esp_timer_init)
D:/ExGithub/under_test/test_docker_esp32/hello_world/build/esp32\libesp32.a(esp_err_to_name.o)
                              D:/ExGithub/under_test/test_docker_esp32/hello_world/build/esp32\libesp32.a(panic.o) (esp_err_to_name)
D:/ExGithub/under_test/test_docker_esp32/hello_world/build/esp32\libesp32.a(intr_alloc.o)
                              D:/ExGithub/under_test/test_docker_esp32/hello_world/build/esp32\libesp32.a(task_wdt.o) (esp_intr_alloc)
D:/ExGithub/under_test/test_docker_esp32/hello_world/build/esp32\libesp32.a(ipc.o)
                              D:/ExGithub/under_test/test_docker_esp32/hello_world/build/esp32\libesp32.a(cpu_start.o) (esp_ipc_init)
D:/ExGithub/under_test/test_docker_esp32/hello_world/build/esp32\libesp32.a(cache_err_int.o)
                              D:/ExGithub/under_test/test_docker_esp32/hello_world/build/esp32\libesp32.a(cpu_start.o) (esp_cache_err_int_init)
D:/ExGithub/under_test/test_docker_esp32/hello_world/build/esp32\libesp32.a(freertos_hooks.o)
                              D:/ExGithub/under_test/test_docker_esp32/hello_world/build/esp32\libesp32.a(task_wdt.o) (esp_register_freertos_idle_hook_for_cpu)
D:/ExGithub/under_test/test_docker_esp32/hello_world/build/esp32\libesp32.a(clk.o)
                              D:/ExGithub/under_test/test_docker_esp32/hello_world/build/esp32\libesp32.a(cpu_start.o) (esp_clk_init)
D:/ExGithub/under_test/test_docker_esp32/hello_world/build/esp32\libesp32.a(esp_timer_esp32.o)
                              D:/ExGithub/under_test/test_docker_esp32/hello_world/build/esp32\libesp32.a(esp_timer.o) (esp_timer_impl_get_time)
D:/ExGithub/under_test/test_docker_esp32/hello_world/build/esp32\libesp32.a(crosscore_int.o)
                              D:/ExGithub/under_test/test_docker_esp32/hello_world/build/esp32\libesp32.a(cpu_start.o) (esp_crosscore_int_init)
C:/msys32/home/jdhua/esp/esp-idf/components/esp32/libhal.a(int_asm--set_intclear.o)
                              D:/ExGithub/under_test/test_docker_esp32/hello_world/build/esp32\libesp32.a(intr_alloc.o) (xthal_set_intclear)
D:/ExGithub/under_test/test_docker_esp32/hello_world/build/freertos\libfreertos.a(FreeRTOS-openocd.o)
                              (uxTopUsedPriority)
D:/ExGithub/under_test/test_docker_esp32/hello_world/build/freertos\libfreertos.a(tasks.o)
                              D:/ExGithub/under_test/test_docker_esp32/hello_world/build/esp32\libesp32.a(system_api.o) (vTaskSuspendAll)
[...]
Memory Configuration

Name             Origin             Length             Attributes
iram0_0_seg      0x40080000         0x00020000         xr
iram0_2_seg      0x400d0018         0x0032ffe8         xr
dram0_0_seg      0x3ffb0000         0x0002c200         rw
drom0_0_seg      0x3f400018         0x003fffe8         r
rtc_iram_seg     0x400c0000         0x00002000         xrw
rtc_slow_seg     0x50000000         0x00001000         rw
*default*        0x00000000         0xffffffff

Linker script and memory map

START GROUP
LOAD D:/ExGithub/under_test/test_docker_esp32/hello_world/build/app_trace\libapp_trace.a
LOAD D:/ExGithub/under_test/test_docker_esp32/hello_world/build/app_update\libapp_update.a
LOAD D:/ExGithub/under_test/test_docker_esp32/hello_world/build/bootloader_support\libbootloader_support.a
LOAD D:/ExGithub/under_test/test_docker_esp32/hello_world/build/bt\libbt.a
LOAD D:/ExGithub/under_test/test_docker_esp32/hello_world/build/coap\libcoap.a
LOAD D:/ExGithub/under_test/test_docker_esp32/hello_world/build/console\libconsole.a
LOAD D:/ExGithub/under_test/test_docker_esp32/hello_world/build/cxx\libcxx.a
LOAD D:/ExGithub/under_test/test_docker_esp32/hello_world/build/driver\libdriver.a
LOAD D:/ExGithub/under_test/test_docker_esp32/hello_world/build/esp-tls\libesp-tls.a
LOAD D:/ExGithub/under_test/test_docker_esp32/hello_world/build/esp32\libesp32.a
LOAD C:/msys32/home/jdhua/esp/esp-idf/components/esp32/libhal.a
LOAD C:/msys32/home/jdhua/esp/esp-idf/components/esp32/lib\libcore.a
LOAD C:/msys32/home/jdhua/esp/esp-idf/components/esp32/lib\librtc.a
LOAD C:/msys32/home/jdhua/esp/esp-idf/components/esp32/lib\libnet80211.a
LOAD C:/msys32/home/jdhua/esp/esp-idf/components/esp32/lib\libpp.a
LOAD C:/msys32/home/jdhua/esp/esp-idf/components/esp32/lib\libwpa.a
LOAD C:/msys32/home/jdhua/esp/esp-idf/components/esp32/lib\libsmartconfig.a
LOAD C:/msys32/home/jdhua/esp/esp-idf/components/esp32/lib\libcoexist.a
LOAD C:/msys32/home/jdhua/esp/esp-idf/components/esp32/lib\libwps.a
LOAD C:/msys32/home/jdhua/esp/esp-idf/components/esp32/lib\libwpa2.a
LOAD C:/msys32/home/jdhua/esp/esp-idf/components/esp32/lib\libespnow.a
LOAD C:/msys32/home/jdhua/esp/esp-idf/components/esp32/lib\libphy.a
LOAD C:/msys32/home/jdhua/esp/esp-idf/components/esp32/lib\libmesh.a
LOAD D:/ExGithub/under_test/test_docker_esp32/hello_world/build/esp_adc_cal\libesp_adc_cal.a
LOAD D:/ExGithub/under_test/test_docker_esp32/hello_world/build/esp_http_client\libesp_http_client.a
LOAD D:/ExGithub/under_test/test_docker_esp32/hello_world/build/ethernet\libethernet.a
LOAD D:/ExGithub/under_test/test_docker_esp32/hello_world/build/expat\libexpat.a
LOAD D:/ExGithub/under_test/test_docker_esp32/hello_world/build/fatfs\libfatfs.a
LOAD D:/ExGithub/under_test/test_docker_esp32/hello_world/build/freertos\libfreertos.a
LOAD D:/ExGithub/under_test/test_docker_esp32/hello_world/build/heap\libheap.a
LOAD D:/ExGithub/under_test/test_docker_esp32/hello_world/build/idf_test\libidf_test.a
LOAD D:/ExGithub/under_test/test_docker_esp32/hello_world/build/jsmn\libjsmn.a
LOAD D:/ExGithub/under_test/test_docker_esp32/hello_world/build/json\libjson.a
LOAD D:/ExGithub/under_test/test_docker_esp32/hello_world/build/libsodium\liblibsodium.a
LOAD D:/ExGithub/under_test/test_docker_esp32/hello_world/build/log\liblog.a
LOAD D:/ExGithub/under_test/test_docker_esp32/hello_world/build/lwip\liblwip.a
LOAD D:/ExGithub/under_test/test_docker_esp32/hello_world/build/main\libmain.a
LOAD D:/ExGithub/under_test/test_docker_esp32/hello_world/build/mbedtls\libmbedtls.a
LOAD D:/ExGithub/under_test/test_docker_esp32/hello_world/build/mdns\libmdns.a
LOAD D:/ExGithub/under_test/test_docker_esp32/hello_world/build/micro-ecc\libmicro-ecc.a
LOAD C:/msys32/home/jdhua/esp/esp-idf/components/newlib/lib/libc.a
LOAD C:/msys32/home/jdhua/esp/esp-idf/components/newlib/lib/libm.a
LOAD D:/ExGithub/under_test/test_docker_esp32/hello_world/build/newlib\libnewlib.a
LOAD D:/ExGithub/under_test/test_docker_esp32/hello_world/build/nghttp\libnghttp.a
LOAD D:/ExGithub/under_test/test_docker_esp32/hello_world/build/nvs_flash\libnvs_flash.a
LOAD D:/ExGithub/under_test/test_docker_esp32/hello_world/build/openssl\libopenssl.a
LOAD D:/ExGithub/under_test/test_docker_esp32/hello_world/build/pthread\libpthread.a
LOAD D:/ExGithub/under_test/test_docker_esp32/hello_world/build/sdmmc\libsdmmc.a
LOAD D:/ExGithub/under_test/test_docker_esp32/hello_world/build/smartconfig_ack\libsmartconfig_ack.a
LOAD D:/ExGithub/under_test/test_docker_esp32/hello_world/build/soc\libsoc.a
LOAD D:/ExGithub/under_test/test_docker_esp32/hello_world/build/spi_flash\libspi_flash.a
LOAD D:/ExGithub/under_test/test_docker_esp32/hello_world/build/spiffs\libspiffs.a
LOAD D:/ExGithub/under_test/test_docker_esp32/hello_world/build/tcpip_adapter\libtcpip_adapter.a
LOAD D:/ExGithub/under_test/test_docker_esp32/hello_world/build/ulp\libulp.a
LOAD D:/ExGithub/under_test/test_docker_esp32/hello_world/build/vfs\libvfs.a
LOAD D:/ExGithub/under_test/test_docker_esp32/hello_world/build/wear_levelling\libwear_levelling.a
LOAD D:/ExGithub/under_test/test_docker_esp32/hello_world/build/wpa_supplicant\libwpa_supplicant.a
LOAD D:/ExGithub/under_test/test_docker_esp32/hello_world/build/xtensa-debug-module\libxtensa-debug-module.a
LOAD c:/msys32/opt/xtensa-esp32-elf/bin/../lib/gcc/xtensa-esp32-elf/5.2.0\libgcc.a
LOAD c:/msys32/opt/xtensa-esp32-elf/bin/../lib/gcc/xtensa-esp32-elf/5.2.0/../../../../xtensa-esp32-elf/lib\libstdc++.a
LOAD c:/msys32/opt/xtensa-esp32-elf/bin/../lib/gcc/xtensa-esp32-elf/5.2.0\libgcov.a
END GROUP
                0x40000000                _heap_end = 0x40000000

.rtc.text       0x400c0000        0x0
                0x400c0000                . = ALIGN (0x4)
 *(.rtc.literal .rtc.text)
 *rtc_wake_stub*.o(.literal .text .literal.* .text.*)

.rtc.data       0x50000000        0x0
                0x50000000                _rtc_data_start = ABSOLUTE (.)
 *(.rtc.data)
 *(.rtc.rodata)
 *rtc_wake_stub*.o(.data .rodata .data.* .rodata.* .bss .bss.*)
                0x50000000                _rtc_data_end = ABSOLUTE (.)

.rtc.bss        0x50000000        0x0
                0x50000000                _rtc_bss_start = ABSOLUTE (.)
 *rtc_wake_stub*.o(.bss .bss.*)
 *rtc_wake_stub*.o(COMMON)
                0x50000000                _rtc_bss_end = ABSOLUTE (.)

.rtc_noinit     0x50000000        0x0
                0x50000000                . = ALIGN (0x4)
                0x50000000                _rtc_noinit_start = ABSOLUTE (.)
 *(.rtc_noinit .rtc_noinit.*)
                0x50000000                . = ALIGN (0x4)
                0x50000000                _rtc_noinit_end = ABSOLUTE (.)

.iram0.vectors  0x40080000      0x400
                0x40080000                _init_start = ABSOLUTE (.)
                0x00000000                . = 0x0
 *(.WindowVectors.text)
 .WindowVectors.text
                0x40080000      0x16a D:/ExGithub/under_test/test_docker_esp32/hello_world/build/freertos\libfreertos.a(xtensa_vectors.o)
                0x40080000                _WindowOverflow4
                0x40080040                _WindowUnderflow4
                0x40080050                _xt_alloca_exc
                0x40080080                _WindowOverflow8
                0x400800c0                _WindowUnderflow8
                0x40080100                _WindowOverflow12
                0x40080140                _WindowUnderflow12
                0x00000180                . = 0x180
 *fill*         0x4008016a       0x16 
 *(.Level2InterruptVector.text)
 .Level2InterruptVector.text
                0x40080180        0x6 D:/ExGithub/under_test/test_docker_esp32/hello_world/build/freertos\libfreertos.a(xtensa_vectors.o)
                0x40080180                _Level2Vector
                0x000001c0                . = 0x1c0
 *fill*         0x40080186       0x3a 
 *(.Level3InterruptVector.text)
 .Level3InterruptVector.text
                0x400801c0        0x6 D:/ExGithub/under_test/test_docker_esp32/hello_world/build/freertos\libfreertos.a(xtensa_vectors.o)
                0x400801c0                _Level3Vector
                0x00000200                . = 0x200
 *fill*         0x400801c6       0x3a 
 *(.Level4InterruptVector.text)
 .Level4InterruptVector.text
                0x40080200        0x6 D:/ExGithub/under_test/test_docker_esp32/hello_world/build/freertos\libfreertos.a(xtensa_vectors.o)
                0x40080200                _Level4Vector
                0x00000240                . = 0x240
 *fill*         0x40080206       0x3a 
 *(.Level5InterruptVector.text)
 .Level5InterruptVector.text
                0x40080240        0x6 D:/ExGithub/under_test/test_docker_esp32/hello_world/build/freertos\libfreertos.a(xtensa_vectors.o)
                0x40080240                _Level5Vector
                0x00000280                . = 0x280
 *fill*         0x40080246       0x3a 
 *(.DebugExceptionVector.text)
 .DebugExceptionVector.text
                0x40080280        0x6 D:/ExGithub/under_test/test_docker_esp32/hello_world/build/freertos\libfreertos.a(xtensa_vectors.o)
                0x40080280                _DebugExceptionVector
                0x000002c0                . = 0x2c0
 *fill*         0x40080286       0x3a 
 *(.NMIExceptionVector.text)
 .NMIExceptionVector.text
                0x400802c0        0x6 D:/ExGithub/under_test/test_docker_esp32/hello_world/build/freertos\libfreertos.a(xtensa_vectors.o)
                0x400802c0                _NMIExceptionVector
                0x00000300                . = 0x300
 *fill*         0x400802c6       0x3a 
 *(.KernelExceptionVector.text)
 .KernelExceptionVector.text
                0x40080300        0x6 D:/ExGithub/under_test/test_docker_esp32/hello_world/build/freertos\libfreertos.a(xtensa_vectors.o)
                0x40080300                _KernelExceptionVector
                0x00000340                . = 0x340
 *fill*         0x40080306       0x3a 
 *(.UserExceptionVector.text)
 .UserExceptionVector.text
                0x40080340        0x6 D:/ExGithub/under_test/test_docker_esp32/hello_world/build/freertos\libfreertos.a(xtensa_vectors.o)
                0x40080340                _UserExceptionVector
                0x000003c0                . = 0x3c0
 *fill*         0x40080346       0x7a 
 *(.DoubleExceptionVector.text)
 .DoubleExceptionVector.text
                0x400803c0        0xf D:/ExGithub/under_test/test_docker_esp32/hello_world/build/freertos\libfreertos.a(xtensa_vectors.o)
                0x400803c0                _DoubleExceptionVector
                0x00000400                . = 0x400
 *fill*         0x400803cf       0x31 
 *(.*Vector.literal)
 *(.UserEnter.literal)
 *(.UserEnter.text)
                0x40080400                . = ALIGN (0x10)
 *(.entry.text)
 *(.init.literal)
 *(.init)
                0x40080400                _init_end = ABSOLUTE (.)
                0x00000000                _iram_start = 0x0

.iram0.text     0x40080400     0x8690
                0x40080400                _iram_text_start = ABSOLUTE (.)
 *(.iram1 .iram1.*)
 .iram1.literal
                0x40080400       0xa8 D:/ExGithub/under_test/test_docker_esp32/hello_world/build/esp32\libesp32.a(cpu_start.o)
                                0x1c4 (size before relaxing)
 .iram1.literal
                0x400804a8       0x24 D:/ExGithub/under_test/test_docker_esp32/hello_world/build/esp32\libesp32.a(dport_panic_highint_hdl.o)
                                 0x28 (size before relaxing)
 .iram1.literal
                0x400804cc        0x8 D:/ExGithub/under_test/test_docker_esp32/hello_world/build/esp32\libesp32.a(int_wdt.o)
                                  0xc (size before relaxing)
 .iram1.literal
                0x400804d4       0x64 D:/ExGithub/under_test/test_docker_esp32/hello_world/build/esp32\libesp32.a(system_api.o)
                                 0xc0 (size before relaxing)
 .iram1.literal
                0x40080538       0x28 D:/ExGithub/under_test/test_docker_esp32/hello_world/build/esp32\libesp32.a(dport_access.o)
                                 0x88 (size before relaxing)
 .iram1.literal
                0x40080560       0x24 D:/ExGithub/under_test/test_docker_esp32/hello_world/build/esp32\libesp32.a(esp_timer.o)
                                 0x60 (size before relaxing)
 .iram1.literal
                0x40080584       0x20 D:/ExGithub/under_test/test_docker_esp32/hello_world/build/esp32\libesp32.a(intr_alloc.o)
                                 0x7c (size before relaxing)
 .iram1.literal
                0x400805a4       0x20 D:/ExGithub/under_test/test_docker_esp32/hello_world/build/esp32\libesp32.a(ipc.o)
                                 0x34 (size before relaxing)
 .iram1.literal
                0x400805c4        0xc D:/ExGithub/under_test/test_docker_esp32/hello_world/build/esp32\libesp32.a(cache_err_int.o)
                                 0x18 (size before relaxing)
 .iram1.literal
                0x400805d0        0x4 D:/ExGithub/under_test/test_docker_esp32/hello_world/build/esp32\libesp32.a(freertos_hooks.o)
 .iram1.literal
                0x400805d4        0xc D:/ExGithub/under_test/test_docker_esp32/hello_world/build/esp32\libesp32.a(clk.o)
                                 0x18 (size before relaxing)
 .iram1.literal
                0x400805e0       0x5c D:/ExGithub/under_test/test_docker_esp32/hello_world/build/esp32\libesp32.a(esp_timer_esp32.o)
                                 0xf8 (size before relaxing)
 .iram1.literal
                0x4008063c       0x1c D:/ExGithub/under_test/test_docker_esp32/hello_world/build/esp32\libesp32.a(crosscore_int.o)
                                 0x40 (size before relaxing)
 .iram1.literal
                0x40080658        0x4 D:/ExGithub/under_test/test_docker_esp32/hello_world/build/freertos\libfreertos.a(port.o)
 .iram1.literal
                0x4008065c       0x44 D:/ExGithub/under_test/test_docker_esp32/hello_world/build/freertos\libfreertos.a(xtensa_vectors.o)
                                 0x68 (size before relaxing)
 .iram1.literal
                0x400806a0       0x58 D:/ExGithub/under_test/test_docker_esp32/hello_world/build/heap\libheap.a(heap_caps.o)
                                 0xb0 (size before relaxing)
 .iram1.literal
                0x400806f8       0x24 D:/ExGithub/under_test/test_docker_esp32/hello_world/build/log\liblog.a(log.o)
                                 0x48 (size before relaxing)
 .iram1.literal
                0x4008071c       0x14 D:/ExGithub/under_test/test_docker_esp32/hello_world/build/newlib\libnewlib.a(locks.o)
                                 0x90 (size before relaxing)
 .iram1.literal
                0x40080730        0x0 D:/ExGithub/under_test/test_docker_esp32/hello_world/build/newlib\libnewlib.a(syscalls.o)
                                 0x14 (size before relaxing)
 .iram1.literal
                0x40080730        0x8 D:/ExGithub/under_test/test_docker_esp32/hello_world/build/newlib\libnewlib.a(reent_init.o)
                                 0x10 (size before relaxing)
 .iram1.literal
                0x40080738        0x0 D:/ExGithub/under_test/test_docker_esp32/hello_world/build/newlib\libnewlib.a(time.o)
                                 0x1c (size before relaxing)
 .iram1.literal
                0x40080738       0x1c D:/ExGithub/under_test/test_docker_esp32/hello_world/build/soc\libsoc.a(cpu_util.o)
                                 0x30 (size before relaxing)
 .iram1.literal
                0x40080754       0x38 D:/ExGithub/under_test/test_docker_esp32/hello_world/build/spi_flash\libspi_flash.a(flash_ops.o)
                                 0xe4 (size before relaxing)
 .iram1.literal
                0x4008078c       0x50 D:/ExGithub/under_test/test_docker_esp32/hello_world/build/spi_flash\libspi_flash.a(cache_utils.o)
                                0x114 (size before relaxing)
 .iram1.literal
                0x400807dc       0x4c D:/ExGithub/under_test/test_docker_esp32/hello_world/build/spi_flash\libspi_flash.a(flash_mmap.o)
                                0x108 (size before relaxing)
 .literal.prvResetNextTaskUnblockTime
                0x40080828        0x8 D:/ExGithub/under_test/test_docker_esp32/hello_world/build/freertos\libfreertos.a(tasks.o)
 .literal.prvDeleteTLS
                0x40080830       0x10 D:/ExGithub/under_test/test_docker_esp32/hello_world/build/freertos\libfreertos.a(tasks.o)
                                 0x18 (size before relaxing)
 .literal.prvInitialiseNewTask
                0x40080840        0x0 D:/ExGithub/under_test/test_docker_esp32/hello_world/build/freertos\libfreertos.a(tasks.o)
                                 0x18 (size before relaxing)
 .literal.prvInitialiseTaskLists
                0x40080840       0x20 D:/ExGithub/under_test/test_docker_esp32/hello_world/build/freertos\libfreertos.a(tasks.o)
                                 0x40 (size before relaxing)
 .literal.prvDeleteTCB
                0x40080860        0x8 D:/ExGithub/under_test/test_docker_esp32/hello_world/build/freertos\libfreertos.a(tasks.o)
                                 0x2c (size before relaxing)
 .literal.prvAddCurrentTaskToDelayedList
                0x40080868        0x4 D:/ExGithub/under_test/test_docker_esp32/hello_world/build/freertos\libfreertos.a(tasks.o)
                                 0x1c (size before relaxing)
 .literal.taskYIELD_OTHER_CORE
                0x4008086c        0x0 D:/ExGithub/under_test/test_docker_esp32/hello_world/build/freertos\libfreertos.a(tasks.o)
                                 0x10 (size before relaxing)
 .literal.vTaskSuspendAll
                0x4008086c        0x4 D:/ExGithub/under_test/test_docker_esp32/hello_world/build/freertos\libfreertos.a(tasks.o)
                                  0x8 (size before relaxing)
 .literal.xTaskGetIdleTaskHandleForCPU
                0x40080870        0xc D:/ExGithub/under_test/test_docker_esp32/hello_world/build/freertos\libfreertos.a(tasks.o)
                                 0x1c (size before relaxing)
 .literal.vTaskSwitchContext
                0x4008087c       0x18 D:/ExGithub/under_test/test_docker_esp32/hello_world/build/freertos\libfreertos.a(tasks.o)
                                 0x3c (size before relaxing)
 .literal.vTaskSetTimeOutState
                0x40080894        0xc D:/ExGithub/under_test/test_docker_esp32/hello_world/build/freertos\libfreertos.a(tasks.o)
                                 0x20 (size before relaxing)
 .literal.xTaskGetCurrentTaskHandle
                0x400808a0        0x0 D:/ExGithub/under_test/test_docker_esp32/hello_world/build/freertos\libfreertos.a(tasks.o)
                                  0x8 (size before relaxing)
 .literal.__getreent
                0x400808a0        0x0 D:/ExGithub/under_test/test_docker_esp32/hello_world/build/freertos\libfreertos.a(tasks.o)
                                  0x8 (size before relaxing)
 .literal.pcTaskGetTaskName
                0x400808a0        0x8 D:/ExGithub/under_test/test_docker_esp32/hello_world/build/freertos\libfreertos.a(tasks.o)
                                 0x1c (size before relaxing)
 .literal.xTaskGetAffinity
                0x400808a8        0x0 D:/ExGithub/under_test/test_docker_esp32/hello_world/build/freertos\libfreertos.a(tasks.o)
                                  0x4 (size before relaxing)
 .literal.xTaskGetCurrentTaskHandleForCPU
                0x400808a8        0x0 D:/ExGithub/under_test/test_docker_esp32/hello_world/build/freertos\libfreertos.a(tasks.o)
                                  0x4 (size before relaxing)
 .literal.xTaskGetSchedulerState
                0x400808a8        0x4 D:/ExGithub/under_test/test_docker_esp32/hello_world/build/freertos\libfreertos.a(tasks.o)
                                  0xc (size before relaxing)
 .literal.vTaskEnterCritical
                0x400808ac       0x20 D:/ExGithub/under_test/test_docker_esp32/hello_world/build/freertos\libfreertos.a(tasks.o)
                                 0x34 (size before relaxing)
 .literal.vTaskExitCritical
                0x400808cc       0x10 D:/ExGithub/under_test/test_docker_esp32/hello_world/build/freertos\libfreertos.a(tasks.o)
                                 0x30 (size before relaxing)
 .literal.prvAddNewTaskToReadyList
                0x400808dc       0x10 D:/ExGithub/under_test/test_docker_esp32/hello_world/build/freertos\libfreertos.a(tasks.o)
                                 0x58 (size before relaxing)
 .literal.xTaskCreatePinnedToCore
                0x400808ec        0x0 D:/ExGithub/under_test/test_docker_esp32/hello_world/build/freertos\libfreertos.a(tasks.o)
                                 0x18 (size before relaxing)
 .literal.vTaskStartScheduler
                0x400808ec       0x10 D:/ExGithub/under_test/test_docker_esp32/hello_world/build/freertos\libfreertos.a(tasks.o)
                                 0x38 (size before relaxing)
 .literal.vTaskDelete
                0x400808fc        0x8 D:/ExGithub/under_test/test_docker_esp32/hello_world/build/freertos\libfreertos.a(tasks.o)
                                 0x60 (size before relaxing)
 .literal.vTaskDelay
                0x40080904        0x4 D:/ExGithub/under_test/test_docker_esp32/hello_world/build/freertos\libfreertos.a(tasks.o)
                                 0x38 (size before relaxing)
 .literal.prvCheckTasksWaitingTermination
                0x40080908        0x8 D:/ExGithub/under_test/test_docker_esp32/hello_world/build/freertos\libfreertos.a(tasks.o)
                                 0x30 (size before relaxing)
 .literal.prvIdleTask
                0x40080910        0x0 D:/ExGithub/under_test/test_docker_esp32/hello_world/build/freertos\libfreertos.a(tasks.o)
                                  0xc (size before relaxing)
 .literal.xTaskGetTickCount
                0x40080910        0x4 D:/ExGithub/under_test/test_docker_esp32/hello_world/build/freertos\libfreertos.a(tasks.o)
                                 0x10 (size before relaxing)
 .literal.xTaskIncrementTick
                0x40080914        0xc D:/ExGithub/under_test/test_docker_esp32/hello_world/build/freertos\libfreertos.a(tasks.o)
                                 0x78 (size before relaxing)
 .literal.xTaskResumeAll
                0x40080920        0x8 D:/ExGithub/under_test/test_docker_esp32/hello_world/build/freertos\libfreertos.a(tasks.o)
                                 0x5c (size before relaxing)
 .literal.vTaskPlaceOnEventList
                0x40080928        0x8 D:/ExGithub/under_test/test_docker_esp32/hello_world/build/freertos\libfreertos.a(tasks.o)
                                 0x40 (size before relaxing)
 .literal.vTaskPlaceOnEventListRestricted
                0x40080930        0x8 D:/ExGithub/under_test/test_docker_esp32/hello_world/build/freertos\libfreertos.a(tasks.o)
                                 0x38 (size before relaxing)
 .literal.xTaskRemoveFromEventList
                0x40080938        0x8 D:/ExGithub/under_test/test_docker_esp32/hello_world/build/freertos\libfreertos.a(tasks.o)
                                 0x58 (size before relaxing)
 .literal.xTaskCheckForTimeOut
                0x40080940        0xc D:/ExGithub/under_test/test_docker_esp32/hello_world/build/freertos\libfreertos.a(tasks.o)
                                 0x3c (size before relaxing)
 .literal.vTaskPriorityInherit
                0x4008094c        0x0 D:/ExGithub/under_test/test_docker_esp32/hello_world/build/freertos\libfreertos.a(tasks.o)
                                 0x2c (size before relaxing)
 .literal.xTaskPriorityDisinherit
                0x4008094c        0x8 D:/ExGithub/under_test/test_docker_esp32/hello_world/build/freertos\libfreertos.a(tasks.o)
                                 0x40 (size before relaxing)
 .literal.pvTaskIncrementMutexHeldCount
                0x40080954        0x0 D:/ExGithub/under_test/test_docker_esp32/hello_world/build/freertos\libfreertos.a(tasks.o)
                                 0x10 (size before relaxing)
 .literal.pxPortInitialiseStack
                0x40080954       0x10 D:/ExGithub/under_test/test_docker_esp32/hello_world/build/freertos\libfreertos.a(port.o)
                                 0x18 (size before relaxing)
 .literal.xPortStartScheduler
                0x40080964        0x0 D:/ExGithub/under_test/test_docker_esp32/hello_world/build/freertos\libfreertos.a(port.o)
                                 0x14 (size before relaxing)
 .literal.xPortSysTickHandler
                0x40080964        0x0 D:/ExGithub/under_test/test_docker_esp32/hello_world/build/freertos\libfreertos.a(port.o)
                                  0x8 (size before relaxing)
 .literal.vPortYieldOtherCore
                0x40080964        0x0 D:/ExGithub/under_test/test_docker_esp32/hello_world/build/freertos\libfreertos.a(port.o)
                                  0x4 (size before relaxing)
 .literal.vPortReleaseTaskMPUSettings
                0x40080964        0x0 D:/ExGithub/under_test/test_docker_esp32/hello_world/build/freertos\libfreertos.a(port.o)
                                  0x4 (size before relaxing)
 .literal.xPortInIsrContext
                0x40080964        0x0 D:/ExGithub/under_test/test_docker_esp32/hello_world/build/freertos\libfreertos.a(port.o)
                                  0x8 (size before relaxing)
 .literal.vPortCPUInitializeMutex
                0x40080964        0x0 D:/ExGithub/under_test/test_docker_esp32/hello_world/build/freertos\libfreertos.a(port.o)
                                  0x4 (size before relaxing)
 .literal.vPortCPUAcquireMutex
                0x40080964       0x14 D:/ExGithub/under_test/test_docker_esp32/hello_world/build/freertos\libfreertos.a(port.o)
                                 0x30 (size before relaxing)
 .literal.vPortCPUReleaseMutex
                0x40080978       0x10 D:/ExGithub/under_test/test_docker_esp32/hello_world/build/freertos\libfreertos.a(port.o)
                                 0x28 (size before relaxing)
 .literal._xt_tick_divisor_init
                0x40080988        0x8 D:/ExGithub/under_test/test_docker_esp32/hello_world/build/freertos\libfreertos.a(xtensa_init.o)
                                  0xc (size before relaxing)
 .literal.prvIsQueueFull
                0x40080990        0x0 D:/ExGithub/under_test/test_docker_esp32/hello_world/build/freertos\libfreertos.a(queue.o)
                                  0x8 (size before relaxing)
 .literal.prvCopyDataToQueue
                0x40080990        0x0 D:/ExGithub/under_test/test_docker_esp32/hello_world/build/freertos\libfreertos.a(queue.o)
                                  0xc (size before relaxing)
 .literal.prvNotifyQueueSetContainer
                0x40080990       0x14 D:/ExGithub/under_test/test_docker_esp32/hello_world/build/freertos\libfreertos.a(queue.o)
                                 0x2c (size before relaxing)
 .literal.prvCopyDataFromQueue
                0x400809a4        0x0 D:/ExGithub/under_test/test_docker_esp32/hello_world/build/freertos\libfreertos.a(queue.o)
                                  0x4 (size before relaxing)
 .literal.xQueueGenericReset
                0x400809a4        0x4 D:/ExGithub/under_test/test_docker_esp32/hello_world/build/freertos\libfreertos.a(queue.o)
                                 0x30 (size before relaxing)
 .literal.prvInitialiseNewQueue
                0x400809a8        0x0 D:/ExGithub/under_test/test_docker_esp32/hello_world/build/freertos\libfreertos.a(queue.o)
                                  0x4 (size before relaxing)
 .literal.xQueueGenericCreate
                0x400809a8        0x4 D:/ExGithub/under_test/test_docker_esp32/hello_world/build/freertos\libfreertos.a(queue.o)
                                 0x1c (size before relaxing)
 .literal.xQueueGetMutexHolder
                0x400809ac        0x0 D:/ExGithub/under_test/test_docker_esp32/hello_world/build/freertos\libfreertos.a(queue.o)
                                  0x8 (size before relaxing)
 .literal.xQueueCreateCountingSemaphore
                0x400809ac        0x4 D:/ExGithub/under_test/test_docker_esp32/hello_world/build/freertos\libfreertos.a(queue.o)
                                 0x28 (size before relaxing)
 .literal.xQueueGenericSend
                0x400809b0        0x4 D:/ExGithub/under_test/test_docker_esp32/hello_world/build/freertos\libfreertos.a(queue.o)
                                 0x7c (size before relaxing)
 .literal.prvInitialiseMutex
                0x400809b4        0x0 D:/ExGithub/under_test/test_docker_esp32/hello_world/build/freertos\libfreertos.a(queue.o)
                                  0x8 (size before relaxing)
 .literal.xQueueCreateMutex
                0x400809b4        0x0 D:/ExGithub/under_test/test_docker_esp32/hello_world/build/freertos\libfreertos.a(queue.o)
                                  0x8 (size before relaxing)
 .literal.xQueueGiveMutexRecursive
                0x400809b4        0x4 D:/ExGithub/under_test/test_docker_esp32/hello_world/build/freertos\libfreertos.a(queue.o)
                                 0x1c (size before relaxing)
 .literal.xQueueGenericSendFromISR
                0x400809b8        0x4 D:/ExGithub/under_test/test_docker_esp32/hello_world/build/freertos\libfreertos.a(queue.o)
                                 0x3c (size before relaxing)
 .literal.xQueueGiveFromISR
                0x400809bc        0x4 D:/ExGithub/under_test/test_docker_esp32/hello_world/build/freertos\libfreertos.a(queue.o)
                                 0x30 (size before relaxing)
 .literal.xQueueGenericReceive
                0x400809c0        0x4 D:/ExGithub/under_test/test_docker_esp32/hello_world/build/freertos\libfreertos.a(queue.o)
                                 0x78 (size before relaxing)
 .literal.xQueueTakeMutexRecursive
                0x400809c4        0x4 D:/ExGithub/under_test/test_docker_esp32/hello_world/build/freertos\libfreertos.a(queue.o)
                                 0x1c (size before relaxing)
 .literal.xQueueReceiveFromISR
                0x400809c8        0x4 D:/ExGithub/under_test/test_docker_esp32/hello_world/build/freertos\libfreertos.a(queue.o)
                                 0x30 (size before relaxing)
 .literal.vQueueDelete
                0x400809cc        0x4 D:/ExGithub/under_test/test_docker_esp32/hello_world/build/freertos\libfreertos.a(queue.o)
                                 0x18 (size before relaxing)
 .literal.vQueueWaitForMessageRestricted
                0x400809d0        0x0 D:/ExGithub/under_test/test_docker_esp32/hello_world/build/freertos\libfreertos.a(queue.o)
                                  0xc (size before relaxing)
 .literal.xt_unhandled_interrupt
                0x400809d0        0x4 D:/ExGithub/under_test/test_docker_esp32/hello_world/build/freertos\libfreertos.a(xtensa_intr.o)
                                  0x8 (size before relaxing)
 .literal.xt_set_interrupt_handler
                0x400809d4        0x8 D:/ExGithub/under_test/test_docker_esp32/hello_world/build/freertos\libfreertos.a(xtensa_intr.o)
                                  0xc (size before relaxing)
 .literal       0x400809dc        0xc D:/ExGithub/under_test/test_docker_esp32/hello_world/build/freertos\libfreertos.a(portasm.o)
                                 0x54 (size before relaxing)
 .literal       0x400809e8        0x0 D:/ExGithub/under_test/test_docker_esp32/hello_world/build/freertos\libfreertos.a(xtensa_context.o)
                                 0x10 (size before relaxing)
 .literal.prvGetNextExpireTime
                0x400809e8        0x4 D:/ExGithub/under_test/test_docker_esp32/hello_world/build/freertos\libfreertos.a(timers.o)
 .literal.prvInsertTimerInActiveList
                0x400809ec        0x4 D:/ExGithub/under_test/test_docker_esp32/hello_world/build/freertos\libfreertos.a(timers.o)
                                 0x10 (size before relaxing)
 .literal.prvCheckForValidListAndQueue
                0x400809f0       0x1c D:/ExGithub/under_test/test_docker_esp32/hello_world/build/freertos\libfreertos.a(timers.o)
                                 0x44 (size before relaxing)
 .literal.xTimerCreateTimerTask
                0x40080a0c       0x10 D:/ExGithub/under_test/test_docker_esp32/hello_world/build/freertos\libfreertos.a(timers.o)
                                 0x2c (size before relaxing)
 .literal.xTimerGenericCommand
                0x40080a1c        0x0 D:/ExGithub/under_test/test_docker_esp32/hello_world/build/freertos\libfreertos.a(timers.o)
                                 0x14 (size before relaxing)
 .literal.prvSwitchTimerLists
                0x40080a1c        0x4 D:/ExGithub/under_test/test_docker_esp32/hello_world/build/freertos\libfreertos.a(timers.o)
                                 0x28 (size before relaxing)
 .literal.prvSampleTimeNow
                0x40080a20        0x4 D:/ExGithub/under_test/test_docker_esp32/hello_world/build/freertos\libfreertos.a(timers.o)
                                  0xc (size before relaxing)
 .literal.prvProcessExpiredTimer
                0x40080a24        0x4 D:/ExGithub/under_test/test_docker_esp32/hello_world/build/freertos\libfreertos.a(timers.o)
                                 0x24 (size before relaxing)
 .literal.prvProcessTimerOrBlockTask
                0x40080a28        0x0 D:/ExGithub/under_test/test_docker_esp32/hello_world/build/freertos\libfreertos.a(timers.o)
                                 0x24 (size before relaxing)
 .literal.prvProcessReceivedCommands
                0x40080a28        0x8 D:/ExGithub/under_test/test_docker_esp32/hello_world/build/freertos\libfreertos.a(timers.o)
                                 0x40 (size before relaxing)
 .literal.prvTimerTask
                0x40080a30        0x0 D:/ExGithub/under_test/test_docker_esp32/hello_world/build/freertos\libfreertos.a(timers.o)
                                  0xc (size before relaxing)
 .literal.get_prev_free_block
                0x40080a30       0x10 D:/ExGithub/under_test/test_docker_esp32/hello_world/build/heap\libheap.a(multi_heap.o)
                                 0x28 (size before relaxing)
 .literal.split_if_necessary
                0x40080a40       0x10 D:/ExGithub/under_test/test_docker_esp32/hello_world/build/heap\libheap.a(multi_heap.o)
                                 0x50 (size before relaxing)
 .literal.assert_valid_block
                0x40080a50        0x0 D:/ExGithub/under_test/test_docker_esp32/hello_world/build/heap\libheap.a(multi_heap.o)
                                 0x2c (size before relaxing)
 .literal.merge_adjacent
                0x40080a50        0x8 D:/ExGithub/under_test/test_docker_esp32/hello_world/build/heap\libheap.a(multi_heap.o)
                                 0x4c (size before relaxing)
 .literal.multi_heap_get_allocated_size_impl
                0x40080a58        0x0 D:/ExGithub/under_test/test_docker_esp32/hello_world/build/heap\libheap.a(multi_heap.o)
                                 0x10 (size before relaxing)
 .literal.multi_heap_malloc_impl
                0x40080a58        0x0 D:/ExGithub/under_test/test_docker_esp32/hello_world/build/heap\libheap.a(multi_heap.o)
                                 0x28 (size before relaxing)
 .literal.multi_heap_free_impl
                0x40080a58        0x0 D:/ExGithub/under_test/test_docker_esp32/hello_world/build/heap\libheap.a(multi_heap.o)
                                 0x50 (size before relaxing)
 .literal.multi_heap_realloc_impl
                0x40080a58        0x8 D:/ExGithub/under_test/test_docker_esp32/hello_world/build/heap\libheap.a(multi_heap.o)
                                 0x68 (size before relaxing)
 .literal.panicPutChar
                0x40080a60        0x8 D:/ExGithub/under_test/test_docker_esp32/hello_world/build/esp32\libesp32.a(panic.o)
 .literal.panicPutStr
                0x40080a68        0x0 D:/ExGithub/under_test/test_docker_esp32/hello_world/build/esp32\libesp32.a(panic.o)
                                  0x4 (size before relaxing)
 .literal.panicPutHex
                0x40080a68        0x0 D:/ExGithub/under_test/test_docker_esp32/hello_world/build/esp32\libesp32.a(panic.o)
                                  0x8 (size before relaxing)
 .literal.panicPutDec
                0x40080a68        0x4 D:/ExGithub/under_test/test_docker_esp32/hello_world/build/esp32\libesp32.a(panic.o)
                                 0x10 (size before relaxing)
 .literal.reconfigureAllWdts
                0x40080a6c       0x10 D:/ExGithub/under_test/test_docker_esp32/hello_world/build/esp32\libesp32.a(panic.o)
                                 0x24 (size before relaxing)
 .literal.putEntry
                0x40080a7c       0x10 D:/ExGithub/under_test/test_docker_esp32/hello_world/build/esp32\libesp32.a(panic.o)
                                 0x20 (size before relaxing)
 .literal.doBacktrace
                0x40080a8c       0x10 D:/ExGithub/under_test/test_docker_esp32/hello_world/build/esp32\libesp32.a(panic.o)
                                 0x24 (size before relaxing)
 .literal.invoke_abort
                0x40080a9c        0x4 D:/ExGithub/under_test/test_docker_esp32/hello_world/build/esp32\libesp32.a(panic.o)
                                  0x8 (size before relaxing)
 .literal.haltOtherCore
                0x40080aa0        0x0 D:/ExGithub/under_test/test_docker_esp32/hello_world/build/esp32\libesp32.a(panic.o)
                                  0x4 (size before relaxing)
 .literal.esp_panic_wdt_start
                0x40080aa0       0x14 D:/ExGithub/under_test/test_docker_esp32/hello_world/build/esp32\libesp32.a(panic.o)
                                 0x2c (size before relaxing)
 .literal.commonErrorHandler_dump
                0x40080ab4       0x30 D:/ExGithub/under_test/test_docker_esp32/hello_world/build/esp32\libesp32.a(panic.o)
                                 0x90 (size before relaxing)
 .literal.esp_panic_dig_reset
                0x40080ae4        0x0 D:/ExGithub/under_test/test_docker_esp32/hello_world/build/esp32\libesp32.a(panic.o)
                                 0x14 (size before relaxing)
 .literal.abort
                0x40080ae4        0x8 D:/ExGithub/under_test/test_docker_esp32/hello_world/build/esp32\libesp32.a(panic.o)
                                 0x10 (size before relaxing)
 .literal.vApplicationStackOverflowHook
                0x40080aec        0x8 D:/ExGithub/under_test/test_docker_esp32/hello_world/build/esp32\libesp32.a(panic.o)
                                 0x18 (size before relaxing)
 .literal.esp_panic_wdt_stop
                0x40080af4        0x0 D:/ExGithub/under_test/test_docker_esp32/hello_world/build/esp32\libesp32.a(panic.o)
                                 0x18 (size before relaxing)
 .literal.commonErrorHandler
                0x40080af4        0x4 D:/ExGithub/under_test/test_docker_esp32/hello_world/build/esp32\libesp32.a(panic.o)
                                 0x28 (size before relaxing)
 .literal.panicHandler
                0x40080af8       0x34 D:/ExGithub/under_test/test_docker_esp32/hello_world/build/esp32\libesp32.a(panic.o)
                                 0xa4 (size before relaxing)
 .literal.xt_unhandled_exception
                0x40080b2c       0x14 D:/ExGithub/under_test/test_docker_esp32/hello_world/build/esp32\libesp32.a(panic.o)
                                 0x60 (size before relaxing)
 .literal._esp_error_check_failed
                0x40080b40       0x14 D:/ExGithub/under_test/test_docker_esp32/hello_world/build/esp32\libesp32.a(panic.o)
                                 0x30 (size before relaxing)
 .literal.rtc_clk_32k_enable_internal
                0x40080b54       0x14 D:/ExGithub/under_test/test_docker_esp32/hello_world/build/soc\libsoc.a(rtc_clk.o)
 .literal.rtc_clk_32k_enable
                0x40080b68        0x4 D:/ExGithub/under_test/test_docker_esp32/hello_world/build/soc\libsoc.a(rtc_clk.o)
                                  0xc (size before relaxing)
 .literal.rtc_clk_32k_bootstrap
                0x40080b6c        0xc D:/ExGithub/under_test/test_docker_esp32/hello_world/build/soc\libsoc.a(rtc_clk.o)
                                 0x34 (size before relaxing)
 .literal.rtc_clk_slow_freq_set
                0x40080b78        0x4 D:/ExGithub/under_test/test_docker_esp32/hello_world/build/soc\libsoc.a(rtc_clk.o)
                                  0xc (size before relaxing)
 .literal.rtc_clk_slow_freq_get
                0x40080b7c        0x0 D:/ExGithub/under_test/test_docker_esp32/hello_world/build/soc\libsoc.a(rtc_clk.o)
                                  0x4 (size before relaxing)
 .literal.rtc_clk_slow_freq_get_hz
                0x40080b7c        0xc D:/ExGithub/under_test/test_docker_esp32/hello_world/build/soc\libsoc.a(rtc_clk.o)
                                 0x10 (size before relaxing)
 .literal.rtc_clk_fast_freq_set
                0x40080b88        0x4 D:/ExGithub/under_test/test_docker_esp32/hello_world/build/soc\libsoc.a(rtc_clk.o)
                                  0xc (size before relaxing)
 .literal.rtc_clk_bbpll_set
                0x40080b8c        0x8 D:/ExGithub/under_test/test_docker_esp32/hello_world/build/soc\libsoc.a(rtc_clk.o)
                                 0x30 (size before relaxing)
 .literal.rtc_clk_xtal_freq_get
                0x40080b94        0xc D:/ExGithub/under_test/test_docker_esp32/hello_world/build/soc\libsoc.a(rtc_clk.o)
                                 0x1c (size before relaxing)
 .literal.rtc_clk_cpu_freq_get
                0x40080ba0       0x14 D:/ExGithub/under_test/test_docker_esp32/hello_world/build/soc\libsoc.a(rtc_clk.o)
                                 0x2c (size before relaxing)
 .literal.rtc_clk_cpu_freq_value
                0x40080bb4       0x1c D:/ExGithub/under_test/test_docker_esp32/hello_world/build/soc\libsoc.a(rtc_clk.o)
                                 0x2c (size before relaxing)
 .literal.rtc_clk_apb_freq_update
                0x40080bd0        0x4 D:/ExGithub/under_test/test_docker_esp32/hello_world/build/soc\libsoc.a(rtc_clk.o)
                                  0x8 (size before relaxing)
 .literal.rtc_clk_cpu_freq_set
                0x40080bd4       0x20 D:/ExGithub/under_test/test_docker_esp32/hello_world/build/soc\libsoc.a(rtc_clk.o)
                                 0x88 (size before relaxing)
 .literal.rtc_clk_apb_freq_get
                0x40080bf4        0x8 D:/ExGithub/under_test/test_docker_esp32/hello_world/build/soc\libsoc.a(rtc_clk.o)
                                 0x14 (size before relaxing)
 .literal.rtc_clk_cal_internal
                0x40080bfc       0x14 D:/ExGithub/under_test/test_docker_esp32/hello_world/build/soc\libsoc.a(rtc_time.o)
                                 0x3c (size before relaxing)
 .literal.rtc_clk_cal
                0x40080c10        0x0 D:/ExGithub/under_test/test_docker_esp32/hello_world/build/soc\libsoc.a(rtc_time.o)
                                  0xc (size before relaxing)
 .literal.rtc_time_get
                0x40080c10       0x10 D:/ExGithub/under_test/test_docker_esp32/hello_world/build/soc\libsoc.a(rtc_time.o)
                                 0x18 (size before relaxing)
 .literal.rtc_clk_wait_for_slow_cycle
                0x40080c20        0x8 D:/ExGithub/under_test/test_docker_esp32/hello_world/build/soc\libsoc.a(rtc_time.o)
                                 0x20 (size before relaxing)
 .literal.rtc_init
                0x40080c28       0x7c D:/ExGithub/under_test/test_docker_esp32/hello_world/build/soc\libsoc.a(rtc_init.o)
                                 0xdc (size before relaxing)
 .literal       0x40080ca4        0x0 C:/msys32/home/jdhua/esp/esp-idf/components/esp32/libhal.a(windowspill_asm.o)
                                  0x4 (size before relaxing)
 .literal.esp_rom_spiflash_read_status
                0x40080ca4       0x10 D:/ExGithub/under_test/test_docker_esp32/hello_world/build/spi_flash\libspi_flash.a(spi_flash_rom_patch.o)
                                 0x14 (size before relaxing)
 .literal.esp_rom_spiflash_wait_idle
                0x40080cb4        0x8 D:/ExGithub/under_test/test_docker_esp32/hello_world/build/spi_flash\libspi_flash.a(spi_flash_rom_patch.o)
                                  0xc (size before relaxing)
 .literal.esp_rom_spiflash_erase_block_internal
                0x40080cbc        0x4 D:/ExGithub/under_test/test_docker_esp32/hello_world/build/spi_flash\libspi_flash.a(spi_flash_rom_patch.o)
                                 0x18 (size before relaxing)
 .literal.esp_rom_spiflash_erase_sector_internal
                0x40080cc0        0x0 D:/ExGithub/under_test/test_docker_esp32/hello_world/build/spi_flash\libspi_flash.a(spi_flash_rom_patch.o)
                                 0x18 (size before relaxing)
 .literal.esp_rom_spiflash_read_data
                0x40080cc0       0x18 D:/ExGithub/under_test/test_docker_esp32/hello_world/build/spi_flash\libspi_flash.a(spi_flash_rom_patch.o)
                                 0x34 (size before relaxing)
 .literal.esp_rom_spiflash_enable_write
                0x40080cd8        0x0 D:/ExGithub/under_test/test_docker_esp32/hello_world/build/spi_flash\libspi_flash.a(spi_flash_rom_patch.o)
                                 0x10 (size before relaxing)
 .literal.esp_rom_spiflash_program_page_internal
                0x40080cd8       0x10 D:/ExGithub/under_test/test_docker_esp32/hello_world/build/spi_flash\libspi_flash.a(spi_flash_rom_patch.o)
                                 0x40 (size before relaxing)
 .literal.esp_rom_spiflash_read_statushigh
                0x40080ce8        0x4 D:/ExGithub/under_test/test_docker_esp32/hello_world/build/spi_flash\libspi_flash.a(spi_flash_rom_patch.o)
                                  0xc (size before relaxing)
 .literal.esp_rom_spiflash_write_status
                0x40080cec        0x4 D:/ExGithub/under_test/test_docker_esp32/hello_world/build/spi_flash\libspi_flash.a(spi_flash_rom_patch.o)
                                 0x14 (size before relaxing)
 .literal.esp_rom_spiflash_unlock
                0x40080cf0        0x8 D:/ExGithub/under_test/test_docker_esp32/hello_world/build/spi_flash\libspi_flash.a(spi_flash_rom_patch.o)
                                 0x28 (size before relaxing)
 .literal.esp_rom_spiflash_erase_block
                0x40080cf8        0xc D:/ExGithub/under_test/test_docker_esp32/hello_world/build/spi_flash\libspi_flash.a(spi_flash_rom_patch.o)
                                 0x20 (size before relaxing)
 .literal.esp_rom_spiflash_erase_sector
                0x40080d04        0x0 D:/ExGithub/under_test/test_docker_esp32/hello_world/build/spi_flash\libspi_flash.a(spi_flash_rom_patch.o)
                                 0x20 (size before relaxing)
 .literal.esp_rom_spiflash_write
                0x40080d04        0x0 D:/ExGithub/under_test/test_docker_esp32/hello_world/build/spi_flash\libspi_flash.a(spi_flash_rom_patch.o)
                                 0x28 (size before relaxing)
 .literal.esp_rom_spiflash_write_encrypted
                0x40080d04        0xc D:/ExGithub/under_test/test_docker_esp32/hello_world/build/spi_flash\libspi_flash.a(spi_flash_rom_patch.o)
                                 0x10 (size before relaxing)
 .literal.esp_rom_spiflash_read
                0x40080d10       0x30 D:/ExGithub/under_test/test_docker_esp32/hello_world/build/spi_flash\libspi_flash.a(spi_flash_rom_patch.o)
                                 0x5c (size before relaxing)
 .literal       0x40080d40       0x10 C:/msys32/home/jdhua/esp/esp-idf/components/newlib/lib/libm.a(lib_a-s_fpclassify.o)
                                 0x18 (size before relaxing)
 .iram1         0x40080d50      0x27e D:/ExGithub/under_test/test_docker_esp32/hello_world/build/esp32\libesp32.a(cpu_start.o)
                                0x336 (size before relaxing)
                0x40080d50                start_cpu0_default
                0x40080d50                start_cpu0
                0x40080e20                start_cpu1
                0x40080e20                start_cpu1_default
                0x40080e9c                call_start_cpu0
 *fill*         0x40080fce        0x2 
 .iram1         0x40080fd0       0xda D:/ExGithub/under_test/test_docker_esp32/hello_world/build/esp32\libesp32.a(dport_panic_highint_hdl.o)
                0x40080fd0                xt_highint4
                0x400810aa                ld_include_panic_highint_hdl
 *fill*         0x400810aa        0x2 
 .iram1         0x400810ac       0x53 D:/ExGithub/under_test/test_docker_esp32/hello_world/build/esp32\libesp32.a(int_wdt.o)
 *fill*         0x400810ff        0x1 
 .iram1         0x40081100      0x1e1 D:/ExGithub/under_test/test_docker_esp32/hello_world/build/esp32\libesp32.a(system_api.o)
                                0x21c (size before relaxing)
                0x40081178                esp_restart_noos
                0x400812c0                system_restart
                0x400812c0                esp_restart
 *fill*         0x400812e1        0x3 
 .iram1         0x400812e4      0x1e3 D:/ExGithub/under_test/test_docker_esp32/hello_world/build/esp32\libesp32.a(dport_access.o)
                                0x1ef (size before relaxing)
                0x400812e4                esp_dport_access_stall_other_cpu_start
                0x40081394                esp_dport_access_stall_other_cpu_end
                0x40081410                esp_dport_access_stall_other_cpu_start_wrap
                0x40081418                esp_dport_access_stall_other_cpu_end_wrap
                0x40081420                esp_dport_access_int_pause
                0x40081444                esp_dport_access_int_abort
                0x40081458                esp_dport_access_int_resume
                0x4008147c                esp_dport_access_reg_read
                0x40081494                esp_dport_access_sequence_reg_read
                0x400814a0                esp_dport_access_read_buffer
 *fill*         0x400814c7        0x1 
 .iram1         0x400814c8      0x205 D:/ExGithub/under_test/test_docker_esp32/hello_world/build/esp32\libesp32.a(esp_timer.o)
                                0x219 (size before relaxing)
                0x400815e4                esp_timer_stop
                0x40081608                esp_timer_get_next_alarm
                0x40081628                esp_timer_get_time
                0x40081638                esp_timer_start_once
                0x4008167c                esp_timer_start_periodic
 *fill*         0x400816cd        0x3 
 .iram1         0x400816d0      0x2b6 D:/ExGithub/under_test/test_docker_esp32/hello_world/build/esp32\libesp32.a(intr_alloc.o)
                                0x2ce (size before relaxing)
                0x4008170c                esp_intr_set_in_iram
                0x40081794                esp_intr_enable
                0x4008181c                esp_intr_disable
                0x400818e4                esp_intr_noniram_disable
                0x40081930                esp_intr_noniram_enable
                0x40081970                ets_isr_unmask
                0x4008197c                ets_isr_mask
 *fill*         0x40081986        0x2 
 .iram1         0x40081988       0x7f D:/ExGithub/under_test/test_docker_esp32/hello_world/build/esp32\libesp32.a(ipc.o)
                                 0x8b (size before relaxing)
 *fill*         0x40081a07        0x1 
 .iram1         0x40081a08       0x2c D:/ExGithub/under_test/test_docker_esp32/hello_world/build/esp32\libesp32.a(cache_err_int.o)
                                 0x34 (size before relaxing)
                0x40081a08                esp_cache_err_get_cpuid
 .iram1         0x40081a34       0x27 D:/ExGithub/under_test/test_docker_esp32/hello_world/build/esp32\libesp32.a(freertos_hooks.o)
                0x40081a34                esp_vApplicationTickHook
 *fill*         0x40081a5b        0x1 
 .iram1         0x40081a5c       0x37 D:/ExGithub/under_test/test_docker_esp32/hello_world/build/esp32\libesp32.a(clk.o)
                0x40081a5c                esp_clk_cpu_freq
                0x40081a6c                esp_clk_apb_freq
                0x40081a84                ets_update_cpu_frequency
 *fill*         0x40081a93        0x1 
 .iram1         0x40081a94      0x4ab D:/ExGithub/under_test/test_docker_esp32/hello_world/build/esp32\libesp32.a(esp_timer_esp32.o)
                                0x4bb (size before relaxing)
                0x40081bb8                esp_timer_impl_get_time
                0x40081d28                esp_timer_impl_set_alarm
                0x40081e70                esp_timer_impl_update_apb_freq
                0x40081f34                esp_timer_impl_get_min_period_us
 *fill*         0x40081f3f        0x1 
 .iram1         0x40081f40       0xb0 D:/ExGithub/under_test/test_docker_esp32/hello_world/build/esp32\libesp32.a(crosscore_int.o)
                                 0xc0 (size before relaxing)
                0x40081fd8                esp_crosscore_int_send_yield
                0x40081fe4                esp_crosscore_int_send_freq_switch
 .iram1         0x40081ff0       0x1a D:/ExGithub/under_test/test_docker_esp32/hello_world/build/freertos\libfreertos.a(port.o)
                0x40081ff0                xPortInterruptedFromISRContext
 *fill*         0x4008200a        0x2 
 .iram1         0x4008200c      0x4b4 D:/ExGithub/under_test/test_docker_esp32/hello_world/build/freertos\libfreertos.a(xtensa_vectors.o)
                0x4008200c                _xt_panic
                0x40082124                _xt_user_exit
                0x40082410                _xt_medint2_exit
                0x400824ac                _xt_medint3_exit
 .iram1         0x400824c0      0x3dd D:/ExGithub/under_test/test_docker_esp32/hello_world/build/heap\libheap.a(heap_caps.o)
                                0x3f5 (size before relaxing)
                0x40082550                heap_caps_malloc
                0x400825ec                heap_caps_malloc_default
                0x40082630                heap_caps_malloc_prefer
                0x40082688                heap_caps_free
                0x400826c0                heap_caps_realloc
                0x4008276c                heap_caps_realloc_default
                0x400827c4                heap_caps_realloc_prefer
                0x40082828                heap_caps_calloc
                0x40082848                heap_caps_calloc_prefer
 *fill*         0x4008289d        0x3 
 .iram1         0x400828a0      0x18a D:/ExGithub/under_test/test_docker_esp32/hello_world/build/log\liblog.a(log.o)
                                0x19a (size before relaxing)
                0x400828a0                esp_log_write
                0x400829d0                esp_log_early_timestamp
                0x400829ec                esp_log_timestamp
 *fill*         0x40082a2a        0x2 
 .iram1         0x40082a2c      0x1cc D:/ExGithub/under_test/test_docker_esp32/hello_world/build/newlib\libnewlib.a(locks.o)
                                0x210 (size before relaxing)
                0x40082b44                _lock_init
                0x40082b54                _lock_init_recursive
                0x40082b64                _lock_close
                0x40082ba0                _lock_acquire
                0x40082bb0                _lock_acquire_recursive
                0x40082bc0                _lock_try_acquire
                0x40082bd0                _lock_try_acquire_recursive
                0x40082be0                _lock_release
                0x40082bec                _lock_release_recursive
 .iram1         0x40082bf8       0x4a D:/ExGithub/under_test/test_docker_esp32/hello_world/build/newlib\libnewlib.a(syscalls.o)
                                 0x52 (size before relaxing)
                0x40082bf8                _malloc_r
                0x40082c04                _free_r
                0x40082c10                _realloc_r
                0x40082c24                _calloc_r
 *fill*         0x40082c42        0x2 
 .iram1         0x40082c44       0x3c D:/ExGithub/under_test/test_docker_esp32/hello_world/build/newlib\libnewlib.a(reent_init.o)
                0x40082c44                esp_reent_init
 .iram1         0x40082c80       0x6c D:/ExGithub/under_test/test_docker_esp32/hello_world/build/newlib\libnewlib.a(time.o)
                                 0x74 (size before relaxing)
                0x40082c80                _gettimeofday_r
                0x40082cc4                _times_r
 .iram1         0x40082cec      0x11a D:/ExGithub/under_test/test_docker_esp32/hello_world/build/soc\libsoc.a(cpu_util.o)
                0x40082cec                esp_cpu_stall
                0x40082d80                esp_cpu_unstall
                0x40082dd4                esp_cpu_reset
                0x40082df8                esp_cpu_in_ocd_debug_mode
 *fill*         0x40082e06        0x2 
 .iram1         0x40082e08      0x722 D:/ExGithub/under_test/test_docker_esp32/hello_world/build/spi_flash\libspi_flash.a(flash_ops.o)
                                0x74a (size before relaxing)
                0x40082e78                spi_flash_guard_set
                0x40082e84                spi_flash_guard_get
                0x40082e90                spi_flash_get_chip_size
                0x40082e9c                spi_flash_erase_range
                0x40082f54                spi_flash_erase_sector
                0x40082f78                spi_flash_write
                0x40083140                spi_flash_read
                0x400833d8                spi_flash_read_encrypted
                0x40083420                spi_flash_write_encrypted
 *fill*         0x4008352a        0x2 
 .iram1         0x4008352c      0x2e0 D:/ExGithub/under_test/test_docker_esp32/hello_world/build/spi_flash\libspi_flash.a(cache_utils.o)
                                0x320 (size before relaxing)
                0x40083590                spi_flash_op_block_func
                0x4008363c                spi_flash_disable_interrupts_caches_and_other_cpu
                0x40083708                spi_flash_enable_interrupts_caches_and_other_cpu
                0x400837a0                spi_flash_disable_interrupts_caches_and_other_cpu_no_os
                0x400837cc                spi_flash_enable_interrupts_caches_no_os
                0x400837e8                spi_flash_cache_enabled
 .iram1         0x4008380c      0x49e D:/ExGithub/under_test/test_docker_esp32/hello_world/build/spi_flash\libspi_flash.a(flash_mmap.o)
                                0x4ce (size before relaxing)
                0x40083938                spi_flash_mmap_pages
                0x40083b4c                spi_flash_mmap
                0x40083bbc                spi_flash_munmap
                0x40083c60                spi_flash_mark_modified_region
 *fill*         0x40083caa        0x2 
 .iram1         0x40083cac       0x20 D:/ExGithub/under_test/test_docker_esp32/hello_world/build/esp32\libesp32.a(dbg_stubs.o)
 *fill*         0x40083ccc        0x0 
 *fill*         0x40083ccc        0x0 
 *fill*         0x40083ccc        0x0 
 *fill*         0x40083ccc        0x0 
 *fill*         0x40083ccc        0x0 
 *fill*         0x40083ccc        0x0 
 *fill*         0x40083ccc        0x0 
 *fill*         0x40083ccc        0x0 
 *fill*         0x40083ccc        0x0 
 *fill*         0x40083ccc        0x0 
 .iram1         0x40083ccc       0x2e D:/ExGithub/under_test/test_docker_esp32/hello_world/build/freertos\libfreertos.a(xtensa_vector_defaults.o)
                0x40083ccc                xt_debugexception
                0x40083cec                xt_highint5
                0x40083cf4                xt_nmi
                0x40083cf4                _xt_nmi
 *fill*         0x40083cfa        0x0 
 *fill*         0x40083cfa        0x0 
 *fill*         0x40083cfa        0x0 
 *fill*         0x40083cfa        0x0 
 *fill*         0x40083cfa        0x0 
 *fill*         0x40083cfa        0x0 
 *libfreertos.a:(.literal .text .literal.* .text.*)
 *fill*         0x40083cfa        0x2 
 .text.prvResetNextTaskUnblockTime
                0x40083cfc       0x34 D:/ExGithub/under_test/test_docker_esp32/hello_world/build/freertos\libfreertos.a(tasks.o)
 .text.prvDeleteTLS
                0x40083d30       0x40 D:/ExGithub/under_test/test_docker_esp32/hello_world/build/freertos\libfreertos.a(tasks.o)
 .text.prvInitialiseNewTask
                0x40083d70       0xc4 D:/ExGithub/under_test/test_docker_esp32/hello_world/build/freertos\libfreertos.a(tasks.o)
                                 0xd0 (size before relaxing)
 .text.prvInitialiseTaskLists
                0x40083e34       0x5a D:/ExGithub/under_test/test_docker_esp32/hello_world/build/freertos\libfreertos.a(tasks.o)
                                 0x6e (size before relaxing)
 *fill*         0x40083e8e        0x2 
 .text.prvDeleteTCB
                0x40083e90       0x56 D:/ExGithub/under_test/test_docker_esp32/hello_world/build/freertos\libfreertos.a(tasks.o)
                                 0x5d (size before relaxing)
 *fill*         0x40083ee6        0x2 
 .text.prvAddCurrentTaskToDelayedList
                0x40083ee8       0x66 D:/ExGithub/under_test/test_docker_esp32/hello_world/build/freertos\libfreertos.a(tasks.o)
                                 0x6a (size before relaxing)
 *fill*         0x40083f4e        0x2 
 .text.taskYIELD_OTHER_CORE
                0x40083f50       0x53 D:/ExGithub/under_test/test_docker_esp32/hello_world/build/freertos\libfreertos.a(tasks.o)
                0x40083f50                taskYIELD_OTHER_CORE
 *fill*         0x40083fa3        0x1 
 .text.vTaskSuspendAll
                0x40083fa4       0x26 D:/ExGithub/under_test/test_docker_esp32/hello_world/build/freertos\libfreertos.a(tasks.o)
                0x40083fa4                vTaskSuspendAll
 *fill*         0x40083fca        0x2 
 .text.xTaskGetIdleTaskHandleForCPU
                0x40083fcc       0x2a D:/ExGithub/under_test/test_docker_esp32/hello_world/build/freertos\libfreertos.a(tasks.o)
                                 0x2e (size before relaxing)
                0x40083fcc                xTaskGetIdleTaskHandleForCPU
 *fill*         0x40083ff6        0x2 
 .text.vTaskSwitchContext
                0x40083ff8      0x27e D:/ExGithub/under_test/test_docker_esp32/hello_world/build/freertos\libfreertos.a(tasks.o)
                                0x28a (size before relaxing)
                0x40083ff8                vTaskSwitchContext
 *fill*         0x40084276        0x2 
 .text.vTaskSetTimeOutState
                0x40084278       0x34 D:/ExGithub/under_test/test_docker_esp32/hello_world/build/freertos\libfreertos.a(tasks.o)
                0x40084278                vTaskSetTimeOutState
 .text.xTaskGetCurrentTaskHandle
                0x400842ac       0x1f D:/ExGithub/under_test/test_docker_esp32/hello_world/build/freertos\libfreertos.a(tasks.o)
                0x400842ac                xTaskGetCurrentTaskHandle
 *fill*         0x400842cb        0x1 
 .text.__getreent
                0x400842cc       0x19 D:/ExGithub/under_test/test_docker_esp32/hello_world/build/freertos\libfreertos.a(tasks.o)
                0x400842cc                __getreent
 *fill*         0x400842e5        0x3 
 .text.pcTaskGetTaskName
                0x400842e8       0x2a D:/ExGithub/under_test/test_docker_esp32/hello_world/build/freertos\libfreertos.a(tasks.o)
                                 0x2d (size before relaxing)
                0x400842e8                pcTaskGetTaskName
 *fill*         0x40084312        0x2 
 .text.xTaskGetAffinity
                0x40084314       0x10 D:/ExGithub/under_test/test_docker_esp32/hello_world/build/freertos\libfreertos.a(tasks.o)
                                 0x13 (size before relaxing)
                0x40084314                xTaskGetAffinity
 *fill*         0x40084324        0x0 
 .text.xTaskGetCurrentTaskHandleForCPU
                0x40084324       0x18 D:/ExGithub/under_test/test_docker_esp32/hello_world/build/freertos\libfreertos.a(tasks.o)
                0x40084324                xTaskGetCurrentTaskHandleForCPU
 .text.xTaskGetSchedulerState
                0x4008433c       0x37 D:/ExGithub/under_test/test_docker_esp32/hello_world/build/freertos\libfreertos.a(tasks.o)
                0x4008433c                xTaskGetSchedulerState
 *fill*         0x40084373        0x1 
 .text.vTaskEnterCritical
                0x40084374       0xac D:/ExGithub/under_test/test_docker_esp32/hello_world/build/freertos\libfreertos.a(tasks.o)
                                 0xb3 (size before relaxing)
                0x40084374                vTaskEnterCritical
 *fill*         0x40084420        0x0 
 .text.vTaskExitCritical
                0x40084420       0x83 D:/ExGithub/under_test/test_docker_esp32/hello_world/build/freertos\libfreertos.a(tasks.o)
                                 0x8a (size before relaxing)
                0x40084420                vTaskExitCritical
 *fill*         0x400844a3        0x1 
 .text.prvAddNewTaskToReadyList
                0x400844a4      0x15c D:/ExGithub/under_test/test_docker_esp32/hello_world/build/freertos\libfreertos.a(tasks.o)
                                0x173 (size before relaxing)
 *fill*         0x40084600        0x0 
 .text.xTaskCreatePinnedToCore
                0x40084600       0x6e D:/ExGithub/under_test/test_docker_esp32/hello_world/build/freertos\libfreertos.a(tasks.o)
                                 0x76 (size before relaxing)
                0x40084600                xTaskCreatePinnedToCore
 *fill*         0x4008466e        0x2 
 .text.vTaskStartScheduler
                0x40084670       0x67 D:/ExGithub/under_test/test_docker_esp32/hello_world/build/freertos\libfreertos.a(tasks.o)
                                 0x72 (size before relaxing)
                0x40084670                vTaskStartScheduler
 *fill*         0x400846d7        0x1 
 .text.vTaskDelete
                0x400846d8      0x10a D:/ExGithub/under_test/test_docker_esp32/hello_world/build/freertos\libfreertos.a(tasks.o)
                                0x122 (size before relaxing)
                0x400846d8                vTaskDelete
 *fill*         0x400847e2        0x2 
 .text.vTaskDelay
                0x400847e4       0x70 D:/ExGithub/under_test/test_docker_esp32/hello_world/build/freertos\libfreertos.a(tasks.o)
                                 0x80 (size before relaxing)
                0x400847e4                vTaskDelay
 .text.prvCheckTasksWaitingTermination
                0x40084854       0xbe D:/ExGithub/under_test/test_docker_esp32/hello_world/build/freertos\libfreertos.a(tasks.o)
                                 0xc6 (size before relaxing)
 *fill*         0x40084912        0x2 
 .text.prvIdleTask
                0x40084914        0xf D:/ExGithub/under_test/test_docker_esp32/hello_world/build/freertos\libfreertos.a(tasks.o)
                                 0x18 (size before relaxing)
 *fill*         0x40084923        0x1 
 .text.xTaskGetTickCount
                0x40084924       0x1c D:/ExGithub/under_test/test_docker_esp32/hello_world/build/freertos\libfreertos.a(tasks.o)
                                 0x20 (size before relaxing)
                0x40084924                xTaskGetTickCount
 .text.xTaskIncrementTick
                0x40084940      0x1b2 D:/ExGithub/under_test/test_docker_esp32/hello_world/build/freertos\libfreertos.a(tasks.o)
                                0x1ce (size before relaxing)
                0x40084940                xTaskIncrementTick
 *fill*         0x40084af2        0x2 
 .text.xTaskResumeAll
                0x40084af4      0x173 D:/ExGithub/under_test/test_docker_esp32/hello_world/build/freertos\libfreertos.a(tasks.o)
                                0x186 (size before relaxing)
                0x40084af4                xTaskResumeAll
 *fill*         0x40084c67        0x1 
 .text.vTaskPlaceOnEventList
                0x40084c68       0x83 D:/ExGithub/under_test/test_docker_esp32/hello_world/build/freertos\libfreertos.a(tasks.o)
                                 0x97 (size before relaxing)
                0x40084c68                vTaskPlaceOnEventList
 *fill*         0x40084ceb        0x1 
 .text.vTaskPlaceOnEventListRestricted
                0x40084cec       0x5b D:/ExGithub/under_test/test_docker_esp32/hello_world/build/freertos\libfreertos.a(tasks.o)
                                 0x6f (size before relaxing)
                0x40084cec                vTaskPlaceOnEventListRestricted
 *fill*         0x40084d47        0x1 
 .text.xTaskRemoveFromEventList
                0x40084d48      0x134 D:/ExGithub/under_test/test_docker_esp32/hello_world/build/freertos\libfreertos.a(tasks.o)
                                0x143 (size before relaxing)
                0x40084d48                xTaskRemoveFromEventList
 *fill*         0x40084e7c        0x0 
 .text.xTaskCheckForTimeOut
                0x40084e7c       0x8b D:/ExGithub/under_test/test_docker_esp32/hello_world/build/freertos\libfreertos.a(tasks.o)
                                 0x96 (size before relaxing)
                0x40084e7c                xTaskCheckForTimeOut
 *fill*         0x40084f07        0x1 
 .text.vTaskPriorityInherit
                0x40084f08       0xc4 D:/ExGithub/under_test/test_docker_esp32/hello_world/build/freertos\libfreertos.a(tasks.o)
                                 0xdb (size before relaxing)
                0x40084f08                vTaskPriorityInherit
 *fill*         0x40084fcc        0x0 
 .text.xTaskPriorityDisinherit
                0x40084fcc       0x97 D:/ExGithub/under_test/test_docker_esp32/hello_world/build/freertos\libfreertos.a(tasks.o)
                                 0xaa (size before relaxing)
                0x40084fcc                xTaskPriorityDisinherit
 *fill*         0x40085063        0x1 
 .text.pvTaskIncrementMutexHeldCount
                0x40085064       0x50 D:/ExGithub/under_test/test_docker_esp32/hello_world/build/freertos\libfreertos.a(tasks.o)
                                 0x54 (size before relaxing)
                0x40085064                pvTaskIncrementMutexHeldCount
 .text.pxPortInitialiseStack
                0x400850b4       0x86 D:/ExGithub/under_test/test_docker_esp32/hello_world/build/freertos\libfreertos.a(port.o)
                0x400850b4                pxPortInitialiseStack
 *fill*         0x4008513a        0x2 
 .text.xPortStartScheduler
                0x4008513c       0x22 D:/ExGithub/under_test/test_docker_esp32/hello_world/build/freertos\libfreertos.a(port.o)
                                 0x2e (size before relaxing)
                0x4008513c                xPortStartScheduler
 *fill*         0x4008515e        0x2 
 .text.xPortSysTickHandler
                0x40085160       0x10 D:/ExGithub/under_test/test_docker_esp32/hello_world/build/freertos\libfreertos.a(port.o)
                                 0x16 (size before relaxing)
                0x40085160                xPortSysTickHandler
 *fill*         0x40085170        0x0 
 .text.vPortYieldOtherCore
                0x40085170        0xa D:/ExGithub/under_test/test_docker_esp32/hello_world/build/freertos\libfreertos.a(port.o)
                                  0xe (size before relaxing)
                0x40085170                vPortYieldOtherCore
 *fill*         0x4008517a        0x2 
 .text.vPortReleaseTaskMPUSettings
                0x4008517c        0xa D:/ExGithub/under_test/test_docker_esp32/hello_world/build/freertos\libfreertos.a(port.o)
                                  0xe (size before relaxing)
                0x4008517c                vPortReleaseTaskMPUSettings
 *fill*         0x40085186        0x2 
 .text.xPortInIsrContext
                0x40085188       0x26 D:/ExGithub/under_test/test_docker_esp32/hello_world/build/freertos\libfreertos.a(port.o)
                0x40085188                xPortInIsrContext
 *fill*         0x400851ae        0x2 
 .text.vPortCPUInitializeMutex
                0x400851b0        0xe D:/ExGithub/under_test/test_docker_esp32/hello_world/build/freertos\libfreertos.a(port.o)
                0x400851b0                vPortCPUInitializeMutex
 *fill*         0x400851be        0x2 
 .text.vPortCPUAcquireMutex
                0x400851c0       0x81 D:/ExGithub/under_test/test_docker_esp32/hello_world/build/freertos\libfreertos.a(port.o)
                                 0x88 (size before relaxing)
                0x400851c0                vPortCPUAcquireMutex
 *fill*         0x40085241        0x3 
 .text.vPortCPUReleaseMutex
                0x40085244       0x59 D:/ExGithub/under_test/test_docker_esp32/hello_world/build/freertos\libfreertos.a(port.o)
                                 0x61 (size before relaxing)
                0x40085244                vPortCPUReleaseMutex
 *fill*         0x4008529d        0x3 
 .text._xt_tick_divisor_init
                0x400852a0       0x1c D:/ExGithub/under_test/test_docker_esp32/hello_world/build/freertos\libfreertos.a(xtensa_init.o)
                                 0x1f (size before relaxing)
                0x400852a0                _xt_tick_divisor_init
 *fill*         0x400852bc        0x0 
 .text.prvIsQueueFull
                0x400852bc       0x2a D:/ExGithub/under_test/test_docker_esp32/hello_world/build/freertos\libfreertos.a(queue.o)
 *fill*         0x400852e6        0x2 
 .text.prvCopyDataToQueue
                0x400852e8       0x9e D:/ExGithub/under_test/test_docker_esp32/hello_world/build/freertos\libfreertos.a(queue.o)
 *fill*         0x40085386        0x2 
 .text.prvNotifyQueueSetContainer
                0x40085388       0x6a D:/ExGithub/under_test/test_docker_esp32/hello_world/build/freertos\libfreertos.a(queue.o)
                                 0x76 (size before relaxing)
 *fill*         0x400853f2        0x2 
 .text.prvCopyDataFromQueue
                0x400853f4       0x24 D:/ExGithub/under_test/test_docker_esp32/hello_world/build/freertos\libfreertos.a(queue.o)
 .text.xQueueGenericReset
                0x40085418       0x86 D:/ExGithub/under_test/test_docker_esp32/hello_world/build/freertos\libfreertos.a(queue.o)
                                 0x96 (size before relaxing)
                0x40085418                xQueueGenericReset
 *fill*         0x4008549e        0x2 
 .text.prvInitialiseNewQueue
                0x400854a0       0x1f D:/ExGithub/under_test/test_docker_esp32/hello_world/build/freertos\libfreertos.a(queue.o)
                                 0x23 (size before relaxing)
 *fill*         0x400854bf        0x1 
 .text.xQueueGenericCreate
                0x400854c0       0x49 D:/ExGithub/under_test/test_docker_esp32/hello_world/build/freertos\libfreertos.a(queue.o)
                                 0x4d (size before relaxing)
                0x400854c0                xQueueGenericCreate
 *fill*         0x40085509        0x3 
 .text.xQueueGetMutexHolder
                0x4008550c       0x23 D:/ExGithub/under_test/test_docker_esp32/hello_world/build/freertos\libfreertos.a(queue.o)
                0x4008550c                xQueueGetMutexHolder
 *fill*         0x4008552f        0x1 
 .text.xQueueCreateCountingSemaphore
                0x40085530       0x66 D:/ExGithub/under_test/test_docker_esp32/hello_world/build/freertos\libfreertos.a(queue.o)
                                 0x6a (size before relaxing)
                0x40085530                xQueueCreateCountingSemaphore
 *fill*         0x40085596        0x2 
 .text.xQueueGenericSend
                0x40085598      0x158 D:/ExGithub/under_test/test_docker_esp32/hello_world/build/freertos\libfreertos.a(queue.o)
                                0x18c (size before relaxing)
                0x40085598                xQueueGenericSend
 .text.prvInitialiseMutex
                0x400856f0       0x22 D:/ExGithub/under_test/test_docker_esp32/hello_world/build/freertos\libfreertos.a(queue.o)
                                 0x26 (size before relaxing)
 *fill*         0x40085712        0x2 
 .text.xQueueCreateMutex
                0x40085714       0x16 D:/ExGithub/under_test/test_docker_esp32/hello_world/build/freertos\libfreertos.a(queue.o)
                                 0x1a (size before relaxing)
                0x40085714                xQueueCreateMutex
 *fill*         0x4008572a        0x2 
 .text.xQueueGiveMutexRecursive
                0x4008572c       0x48 D:/ExGithub/under_test/test_docker_esp32/hello_world/build/freertos\libfreertos.a(queue.o)
                                 0x4c (size before relaxing)
                0x4008572c                xQueueGiveMutexRecursive
 .text.xQueueGenericSendFromISR
                0x40085774       0xd6 D:/ExGithub/under_test/test_docker_esp32/hello_world/build/freertos\libfreertos.a(queue.o)
                                 0xe6 (size before relaxing)
                0x40085774                xQueueGenericSendFromISR
 *fill*         0x4008584a        0x2 
 .text.xQueueGiveFromISR
                0x4008584c       0xb6 D:/ExGithub/under_test/test_docker_esp32/hello_world/build/freertos\libfreertos.a(queue.o)
                                 0xc2 (size before relaxing)
                0x4008584c                xQueueGiveFromISR
 *fill*         0x40085902        0x2 
 .text.xQueueGenericReceive
                0x40085904      0x144 D:/ExGithub/under_test/test_docker_esp32/hello_world/build/freertos\libfreertos.a(queue.o)
                                0x178 (size before relaxing)
                0x40085904                xQueueGenericReceive
 .text.xQueueTakeMutexRecursive
                0x40085a48       0x51 D:/ExGithub/under_test/test_docker_esp32/hello_world/build/freertos\libfreertos.a(queue.o)
                0x40085a48                xQueueTakeMutexRecursive
 *fill*         0x40085a99        0x3 
 .text.xQueueReceiveFromISR
                0x40085a9c       0x96 D:/ExGithub/under_test/test_docker_esp32/hello_world/build/freertos\libfreertos.a(queue.o)
                                 0xa6 (size before relaxing)
                0x40085a9c                xQueueReceiveFromISR
 *fill*         0x40085b32        0x2 
 .text.vQueueDelete
                0x40085b34       0x28 D:/ExGithub/under_test/test_docker_esp32/hello_world/build/freertos\libfreertos.a(queue.o)
                0x40085b34                vQueueDelete
 .text.vQueueWaitForMessageRestricted
                0x40085b5c       0x23 D:/ExGithub/under_test/test_docker_esp32/hello_world/build/freertos\libfreertos.a(queue.o)
                                 0x2a (size before relaxing)
                0x40085b5c                vQueueWaitForMessageRestricted
 *fill*         0x40085b7f        0x1 
 .text.xt_unhandled_interrupt
                0x40085b80       0x16 D:/ExGithub/under_test/test_docker_esp32/hello_world/build/freertos\libfreertos.a(xtensa_intr.o)
                0x40085b80                xt_unhandled_interrupt
 *fill*         0x40085b96        0x2 
 .text.xt_set_interrupt_handler
                0x40085b98       0x46 D:/ExGithub/under_test/test_docker_esp32/hello_world/build/freertos\libfreertos.a(xtensa_intr.o)
                0x40085b98                xt_set_interrupt_handler
 *fill*         0x40085bde        0x2 
 .text          0x40085be0      0x1d0 D:/ExGithub/under_test/test_docker_esp32/hello_world/build/freertos\libfreertos.a(portasm.o)
                0x40085be0                _frxt_setup_switch
                0x40085bf8                _frxt_int_enter
                0x40085c40                _frxt_int_exit
                0x40085c90                _frxt_timer_int
                0x40085cb8                _frxt_tick_timer_init
                0x40085cd0                _frxt_dispatch
                0x40085d18                vPortYield
                0x40085d64                vPortYieldFromInt
                0x40085d84                _frxt_task_coproc_state
 .text          0x40085db0      0x12b D:/ExGithub/under_test/test_docker_esp32/hello_world/build/freertos\libfreertos.a(xtensa_context.o)
                0x40085db0                _xt_context_save
                0x40085e18                _xt_context_restore
                0x40085e5c                _xt_coproc_init
                0x40085e70                _xt_coproc_release
                0x40085e9c                _xt_coproc_savecs
                0x40085ebc                _xt_coproc_restorecs
 *fill*         0x40085edb        0x1 
 .text.prvGetNextExpireTime
                0x40085edc       0x20 D:/ExGithub/under_test/test_docker_esp32/hello_world/build/freertos\libfreertos.a(timers.o)
 .text.prvInsertTimerInActiveList
                0x40085efc       0x50 D:/ExGithub/under_test/test_docker_esp32/hello_world/build/freertos\libfreertos.a(timers.o)
                                 0x54 (size before relaxing)
 .text.prvCheckForValidListAndQueue
                0x40085f4c       0x66 D:/ExGithub/under_test/test_docker_esp32/hello_world/build/freertos\libfreertos.a(timers.o)
                                 0x7e (size before relaxing)
 *fill*         0x40085fb2        0x2 
 .text.xTimerCreateTimerTask
                0x40085fb4       0x48 D:/ExGithub/under_test/test_docker_esp32/hello_world/build/freertos\libfreertos.a(timers.o)
                                 0x4c (size before relaxing)
                0x40085fb4                xTimerCreateTimerTask
 .text.xTimerGenericCommand
                0x40085ffc       0x55 D:/ExGithub/under_test/test_docker_esp32/hello_world/build/freertos\libfreertos.a(timers.o)
                                 0x5d (size before relaxing)
                0x40085ffc                xTimerGenericCommand
 *fill*         0x40086051        0x3 
 .text.prvSwitchTimerLists
                0x40086054       0x76 D:/ExGithub/under_test/test_docker_esp32/hello_world/build/freertos\libfreertos.a(timers.o)
                                 0x82 (size before relaxing)
 *fill*         0x400860ca        0x2 
 .text.prvSampleTimeNow
                0x400860cc       0x2b D:/ExGithub/under_test/test_docker_esp32/hello_world/build/freertos\libfreertos.a(timers.o)
                                 0x2f (size before relaxing)
 *fill*         0x400860f7        0x1 
 .text.prvProcessExpiredTimer
                0x400860f8       0x53 D:/ExGithub/under_test/test_docker_esp32/hello_world/build/freertos\libfreertos.a(timers.o)
                                 0x5f (size before relaxing)
 *fill*         0x4008614b        0x1 
 .text.prvProcessTimerOrBlockTask
                0x4008614c       0x58 D:/ExGithub/under_test/test_docker_esp32/hello_world/build/freertos\libfreertos.a(timers.o)
                                 0x6c (size before relaxing)
 .text.prvProcessReceivedCommands
                0x400861a4       0xd6 D:/ExGithub/under_test/test_docker_esp32/hello_world/build/freertos\libfreertos.a(timers.o)
                                 0xe6 (size before relaxing)
 *fill*         0x4008627a        0x2 
 .text.prvTimerTask
                0x4008627c       0x15 D:/ExGithub/under_test/test_docker_esp32/hello_world/build/freertos\libfreertos.a(timers.o)
                                 0x1d (size before relaxing)
 *fill*         0x40086291        0x0 
 *fill*         0x40086291        0x0 
 *fill*         0x40086291        0x0 
 *fill*         0x40086291        0x0 
 *fill*         0x40086291        0x0 
 *fill*         0x40086291        0x0 
 *fill*         0x40086291        0x0 
 *fill*         0x40086291        0x0 
 *fill*         0x40086291        0x0 
 *fill*         0x40086291        0x0 
 *fill*         0x40086291        0x0 
 *fill*         0x40086291        0x0 
 *fill*         0x40086291        0x0 
 *fill*         0x40086291        0x0 
 *fill*         0x40086291        0x0 
 *fill*         0x40086291        0x0 
 *fill*         0x40086291        0x0 
 *fill*         0x40086291        0x0 
 *fill*         0x40086291        0x0 
 *fill*         0x40086291        0x0 
 *fill*         0x40086291        0x0 
 *fill*         0x40086291        0x0 
 *fill*         0x40086291        0x0 
 *fill*         0x40086291        0x0 
 *fill*         0x40086291        0x0 
 *fill*         0x40086291        0x0 
 *fill*         0x40086291        0x0 
 *fill*         0x40086291        0x0 
 *fill*         0x40086291        0x0 
 *fill*         0x40086291        0x0 
 *fill*         0x40086291        0x0 
 *fill*         0x40086291        0x3 
 .text.vPortStoreTaskMPUSettings
                0x40086294       0x13 D:/ExGithub/under_test/test_docker_esp32/hello_world/build/freertos\libfreertos.a(port.o)
                0x40086294                vPortStoreTaskMPUSettings
 *fill*         0x400862a7        0x0 
 *fill*         0x400862a7        0x0 
 *fill*         0x400862a7        0x0 
 *fill*         0x400862a7        0x0 
 *fill*         0x400862a7        0x0 
 *fill*         0x400862a7        0x1 
 .text.vListInitialise
                0x400862a8       0x15 D:/ExGithub/under_test/test_docker_esp32/hello_world/build/freertos\libfreertos.a(list.o)
                0x400862a8                vListInitialise
 *fill*         0x400862bd        0x3 
 .text.vListInitialiseItem
                0x400862c0        0x9 D:/ExGithub/under_test/test_docker_esp32/hello_world/build/freertos\libfreertos.a(list.o)
                0x400862c0                vListInitialiseItem
 *fill*         0x400862c9        0x3 
 .text.vListInsertEnd
                0x400862cc       0x1b D:/ExGithub/under_test/test_docker_esp32/hello_world/build/freertos\libfreertos.a(list.o)
                0x400862cc                vListInsertEnd
 *fill*         0x400862e7        0x1 
 .text.vListInsert
                0x400862e8       0x2f D:/ExGithub/under_test/test_docker_esp32/hello_world/build/freertos\libfreertos.a(list.o)
                0x400862e8                vListInsert
 *fill*         0x40086317        0x1 
 .text.uxListRemove
                0x40086318       0x26 D:/ExGithub/under_test/test_docker_esp32/hello_world/build/freertos\libfreertos.a(list.o)
                0x40086318                uxListRemove
 *fill*         0x4008633e        0x2 
 .text.prvIsQueueEmpty
                0x40086340       0x12 D:/ExGithub/under_test/test_docker_esp32/hello_world/build/freertos\libfreertos.a(queue.o)
 *fill*         0x40086352        0x0 
 *fill*         0x40086352        0x0 
 *fill*         0x40086352        0x0 
 *fill*         0x40086352        0x0 
 *fill*         0x40086352        0x0 
 *fill*         0x40086352        0x0 
 *fill*         0x40086352        0x0 
 *fill*         0x40086352        0x0 
 *fill*         0x40086352        0x0 
 *fill*         0x40086352        0x0 
 *fill*         0x40086352        0x0 
 *fill*         0x40086352        0x0 
 *fill*         0x40086352        0x0 
 *fill*         0x40086352        0x0 
 *fill*         0x40086352        0x0 
 *fill*         0x40086352        0x0 
 *fill*         0x40086352        0x0 
 *fill*         0x40086352        0x0 
 *fill*         0x40086352        0x2 
 .text          0x40086354       0x33 D:/ExGithub/under_test/test_docker_esp32/hello_world/build/freertos\libfreertos.a(xtensa_intr_asm.o)
                0x40086354                xt_ints_on
                0x4008636c                xt_ints_off
 *fill*         0x40086387        0x0 
 *fill*         0x40086387        0x0 
 *fill*         0x40086387        0x0 
 *fill*         0x40086387        0x0 
 *fill*         0x40086387        0x0 
 *fill*         0x40086387        0x0 
 *fill*         0x40086387        0x0 
 *libheap.a:multi_heap.o(.literal .text .literal.* .text.*)
 *fill*         0x40086387        0x1 
 .text.get_prev_free_block
                0x40086388       0x68 D:/ExGithub/under_test/test_docker_esp32/hello_world/build/heap\libheap.a(multi_heap.o)
                                 0x77 (size before relaxing)
 *fill*         0x400863f0        0x0 
 .text.split_if_necessary
                0x400863f0      0x138 D:/ExGithub/under_test/test_docker_esp32/hello_world/build/heap\libheap.a(multi_heap.o)
                                0x148 (size before relaxing)
 .text.assert_valid_block
                0x40086528       0xb0 D:/ExGithub/under_test/test_docker_esp32/hello_world/build/heap\libheap.a(multi_heap.o)
                                 0xb4 (size before relaxing)
 .text.merge_adjacent
                0x400865d8      0x12c D:/ExGithub/under_test/test_docker_esp32/hello_world/build/heap\libheap.a(multi_heap.o)
                                0x140 (size before relaxing)
 .text.multi_heap_get_allocated_size_impl
                0x40086704       0x38 D:/ExGithub/under_test/test_docker_esp32/hello_world/build/heap\libheap.a(multi_heap.o)
                                 0x3c (size before relaxing)
                0x40086704                multi_heap_get_allocated_size_impl
                0x40086704                multi_heap_get_allocated_size
 .text.multi_heap_malloc_impl
                0x4008673c      0x110 D:/ExGithub/under_test/test_docker_esp32/hello_world/build/heap\libheap.a(multi_heap.o)
                                0x120 (size before relaxing)
                0x4008673c                multi_heap_malloc_impl
                0x4008673c                multi_heap_malloc
 .text.multi_heap_free_impl
                0x4008684c      0x130 D:/ExGithub/under_test/test_docker_esp32/hello_world/build/heap\libheap.a(multi_heap.o)
                                0x14c (size before relaxing)
                0x4008684c                multi_heap_free_impl
                0x4008684c                multi_heap_free
 .text.multi_heap_realloc_impl
                0x4008697c      0x258 D:/ExGithub/under_test/test_docker_esp32/hello_world/build/heap\libheap.a(multi_heap.o)
                                0x274 (size before relaxing)
                0x4008697c                multi_heap_realloc_impl
                0x4008697c                multi_heap_realloc
 *fill*         0x40086bd4        0x0 
 *fill*         0x40086bd4        0x0 
 .text.multi_heap_register_impl
                0x40086bd4       0x51 D:/ExGithub/under_test/test_docker_esp32/hello_world/build/heap\libheap.a(multi_heap.o)
                0x40086bd4                multi_heap_register
                0x40086bd4                multi_heap_register_impl
 *fill*         0x40086c25        0x3 
 .text.multi_heap_set_lock
                0x40086c28        0x7 D:/ExGithub/under_test/test_docker_esp32/hello_world/build/heap\libheap.a(multi_heap.o)
                0x40086c28                multi_heap_set_lock
 *fill*         0x40086c2f        0x0 
 *libheap.a:multi_heap_poisoning.o(.literal .text .literal.* .text.*)
 *libesp32.a:panic.o(.literal .text .literal.* .text.*)
 *fill*         0x40086c2f        0x1 
 .text.panicPutChar
                0x40086c30       0x1e D:/ExGithub/under_test/test_docker_esp32/hello_world/build/esp32\libesp32.a(panic.o)
 *fill*         0x40086c4e        0x2 
 .text.panicPutStr
                0x40086c50       0x1a D:/ExGithub/under_test/test_docker_esp32/hello_world/build/esp32\libesp32.a(panic.o)
 *fill*         0x40086c6a        0x2 
 .text.panicPutHex
                0x40086c6c       0x2c D:/ExGithub/under_test/test_docker_esp32/hello_world/build/esp32\libesp32.a(panic.o)
                                 0x2f (size before relaxing)
 *fill*         0x40086c98        0x0 
 .text.panicPutDec
                0x40086c98       0x3c D:/ExGithub/under_test/test_docker_esp32/hello_world/build/esp32\libesp32.a(panic.o)
                                 0x46 (size before relaxing)
 *fill*         0x40086cd4        0x0 
 .text.reconfigureAllWdts
                0x40086cd4       0xa8 D:/ExGithub/under_test/test_docker_esp32/hello_world/build/esp32\libesp32.a(panic.o)
 .text.putEntry
                0x40086d7c       0x2b D:/ExGithub/under_test/test_docker_esp32/hello_world/build/esp32\libesp32.a(panic.o)
                                 0x37 (size before relaxing)
 *fill*         0x40086da7        0x1 
 .text.doBacktrace
                0x40086da8       0x71 D:/ExGithub/under_test/test_docker_esp32/hello_world/build/esp32\libesp32.a(panic.o)
                                 0x78 (size before relaxing)
 *fill*         0x40086e19        0x3 
 .text.invoke_abort
                0x40086e1c       0x1d D:/ExGithub/under_test/test_docker_esp32/hello_world/build/esp32\libesp32.a(panic.o)
 *fill*         0x40086e39        0x3 
 .text.haltOtherCore
                0x40086e3c       0x18 D:/ExGithub/under_test/test_docker_esp32/hello_world/build/esp32\libesp32.a(panic.o)
 .text.esp_panic_wdt_start
                0x40086e54       0x84 D:/ExGithub/under_test/test_docker_esp32/hello_world/build/esp32\libesp32.a(panic.o)
                                 0x88 (size before relaxing)
 .text.commonErrorHandler_dump
                0x40086ed8       0xd6 D:/ExGithub/under_test/test_docker_esp32/hello_world/build/esp32\libesp32.a(panic.o)
                                0x116 (size before relaxing)
 *fill*         0x40086fae        0x2 
 .text.esp_panic_dig_reset
                0x40086fb0       0x33 D:/ExGithub/under_test/test_docker_esp32/hello_world/build/esp32\libesp32.a(panic.o)
                                 0x37 (size before relaxing)
 *fill*         0x40086fe3        0x1 
 .text.abort    0x40086fe4       0x2a D:/ExGithub/under_test/test_docker_esp32/hello_world/build/esp32\libesp32.a(panic.o)
                                 0x2d (size before relaxing)
                0x40086fe4                abort
 *fill*         0x4008700e        0x2 
 .text.vApplicationStackOverflowHook
                0x40087010       0x17 D:/ExGithub/under_test/test_docker_esp32/hello_world/build/esp32\libesp32.a(panic.o)
                                 0x23 (size before relaxing)
                0x40087010                vApplicationStackOverflowHook
 *fill*         0x40087027        0x1 
 .text.esp_panic_wdt_stop
                0x40087028       0x44 D:/ExGithub/under_test/test_docker_esp32/hello_world/build/esp32\libesp32.a(panic.o)
                0x40087028                esp_panic_wdt_stop
 .text.commonErrorHandler
                0x4008706c       0x44 D:/ExGithub/under_test/test_docker_esp32/hello_world/build/esp32\libesp32.a(panic.o)
                                 0x56 (size before relaxing)
 *fill*         0x400870b0        0x0 
 .text.panicHandler
                0x400870b0      0x163 D:/ExGithub/under_test/test_docker_esp32/hello_world/build/esp32\libesp32.a(panic.o)
                                0x186 (size before relaxing)
                0x400870b0                panicHandler
 *fill*         0x40087213        0x1 
 .text.xt_unhandled_exception
                0x40087214       0x77 D:/ExGithub/under_test/test_docker_esp32/hello_world/build/esp32\libesp32.a(panic.o)
                                 0xa1 (size before relaxing)
                0x40087214                xt_unhandled_exception
 *fill*         0x4008728b        0x1 
 .text._esp_error_check_failed